Archive member included because of file (symbol)

C:\Code\Eclipse\eclipse\arduinoPlugin\packages\arduino\hardware\sam\1.6.11\variants\arduino_due_x/libsam_sam3x8e_gcc_rel.a(startup_sam3xa.o)
                              (Reset_Handler)
C:\Code\Eclipse\eclipse\arduinoPlugin\packages\arduino\hardware\sam\1.6.11\variants\arduino_due_x/libsam_sam3x8e_gcc_rel.a(uotghs.o)
                              C:\Code\Eclipse\eclipse\arduinoPlugin\packages\arduino\hardware\sam\1.6.11\variants\arduino_due_x/libsam_sam3x8e_gcc_rel.a(startup_sam3xa.o) (UOTGHS_Handler)
D:/Github/CCTVal/CCTVal_Steppers/Firmware/Steppers_v_1_0/Release/arduino.ar(variant.cpp.o)
                              C:\Code\Eclipse\eclipse\arduinoPlugin\packages\arduino\hardware\sam\1.6.11\variants\arduino_due_x/libsam_sam3x8e_gcc_rel.a(startup_sam3xa.o) (UART_Handler)
D:/Github/CCTVal/CCTVal_Steppers/Firmware/Steppers_v_1_0/Release/arduino.ar(RingBuffer.cpp.o)
                              D:/Github/CCTVal/CCTVal_Steppers/Firmware/Steppers_v_1_0/Release/arduino.ar(variant.cpp.o) (RingBuffer::RingBuffer())
D:/Github/CCTVal/CCTVal_Steppers/Firmware/Steppers_v_1_0/Release/arduino.ar(UARTClass.cpp.o)
                              D:/Github/CCTVal/CCTVal_Steppers/Firmware/Steppers_v_1_0/Release/arduino.ar(variant.cpp.o) (UARTClass::available())
D:/Github/CCTVal/CCTVal_Steppers/Firmware/Steppers_v_1_0/Release/arduino.ar(USARTClass.cpp.o)
                              D:/Github/CCTVal/CCTVal_Steppers/Firmware/Steppers_v_1_0/Release/arduino.ar(variant.cpp.o) (USARTClass::USARTClass(Usart*, IRQn, unsigned long, RingBuffer*, RingBuffer*))
D:/Github/CCTVal/CCTVal_Steppers/Firmware/Steppers_v_1_0/Release/arduino.ar(WInterrupts.c.o)
                              C:\Code\Eclipse\eclipse\arduinoPlugin\packages\arduino\hardware\sam\1.6.11\variants\arduino_due_x/libsam_sam3x8e_gcc_rel.a(startup_sam3xa.o) (PIOA_Handler)
D:/Github/CCTVal/CCTVal_Steppers/Firmware/Steppers_v_1_0/Release/arduino.ar(abi.cpp.o)
                              D:/Github/CCTVal/CCTVal_Steppers/Firmware/Steppers_v_1_0/Release/arduino.ar(UARTClass.cpp.o) (__cxa_pure_virtual)
D:/Github/CCTVal/CCTVal_Steppers/Firmware/Steppers_v_1_0/Release/arduino.ar(cortex_handlers.c.o)
                              C:\Code\Eclipse\eclipse\arduinoPlugin\packages\arduino\hardware\sam\1.6.11\variants\arduino_due_x/libsam_sam3x8e_gcc_rel.a(startup_sam3xa.o) (NMI_Handler)
D:/Github/CCTVal/CCTVal_Steppers/Firmware/Steppers_v_1_0/Release/arduino.ar(hooks.c.o)
                              D:/Github/CCTVal/CCTVal_Steppers/Firmware/Steppers_v_1_0/Release/arduino.ar(cortex_handlers.c.o) (sysTickHook)
D:/Github/CCTVal/CCTVal_Steppers/Firmware/Steppers_v_1_0/Release/arduino.ar(main.cpp.o)
                              c:/code/eclipse/eclipse/arduinoplugin/packages/arduino/tools/arm-none-eabi-gcc/4.8.3-2014q1/bin/../lib/gcc/arm-none-eabi/4.8.3/../../../../arm-none-eabi/lib/armv7-m/crt0.o (main)
D:/Github/CCTVal/CCTVal_Steppers/Firmware/Steppers_v_1_0/Release/arduino.ar(new.cpp.o)
                              .\src\libraries\stepper.cpp.o (operator delete(void*))
D:/Github/CCTVal/CCTVal_Steppers/Firmware/Steppers_v_1_0/Release/arduino.ar(syscalls_sam3.c.o)
                              (_sbrk)
D:/Github/CCTVal/CCTVal_Steppers/Firmware/Steppers_v_1_0/Release/arduino.ar(watchdog.cpp.o)
                              D:/Github/CCTVal/CCTVal_Steppers/Firmware/Steppers_v_1_0/Release/arduino.ar(main.cpp.o) (watchdogSetup())
D:/Github/CCTVal/CCTVal_Steppers/Firmware/Steppers_v_1_0/Release/arduino.ar(wiring.c.o)
                              D:/Github/CCTVal/CCTVal_Steppers/Firmware/Steppers_v_1_0/Release/arduino.ar(main.cpp.o) (delay)
D:/Github/CCTVal/CCTVal_Steppers/Firmware/Steppers_v_1_0/Release/arduino.ar(wiring_analog.c.o)
                              D:/Github/CCTVal/CCTVal_Steppers/Firmware/Steppers_v_1_0/Release/arduino.ar(variant.cpp.o) (analogOutputInit)
D:/Github/CCTVal/CCTVal_Steppers/Firmware/Steppers_v_1_0/Release/arduino.ar(wiring_digital.c.o)
                              D:/Github/CCTVal/CCTVal_Steppers/Firmware/Steppers_v_1_0/Release/arduino.ar(wiring_analog.c.o) (pinMode)
D:/Github/CCTVal/CCTVal_Steppers/Firmware/Steppers_v_1_0/Release/arduino.ar(USBCore.cpp.o)
                              D:/Github/CCTVal/CCTVal_Steppers/Firmware/Steppers_v_1_0/Release/arduino.ar(main.cpp.o) (USBDevice_::attach())
D:/Github/CCTVal/CCTVal_Steppers/Firmware/Steppers_v_1_0/Release/arduino.ar(Print.cpp.o)
                              D:/Github/CCTVal/CCTVal_Steppers/Firmware/Steppers_v_1_0/Release/arduino.ar(UARTClass.cpp.o) (Print::write(unsigned char const*, unsigned int))
D:/Github/CCTVal/CCTVal_Steppers/Firmware/Steppers_v_1_0/Release/arduino.ar(Reset.cpp.o)
                              D:/Github/CCTVal/CCTVal_Steppers/Firmware/Steppers_v_1_0/Release/arduino.ar(cortex_handlers.c.o) (tickReset)
D:/Github/CCTVal/CCTVal_Steppers/Firmware/Steppers_v_1_0/Release/arduino.ar(CDC.cpp.o)
[...]
Memory Configuration

Name             Origin             Length             Attributes
rom              0x00080000         0x00080000         xr
sram0            0x20000000         0x00010000         xrw
sram1            0x20080000         0x00008000         xrw
ram              0x20070000         0x00018000         xrw
*default*        0x00000000         0xffffffff

Linker script and memory map

LOAD c:/code/eclipse/eclipse/arduinoplugin/packages/arduino/tools/arm-none-eabi-gcc/4.8.3-2014q1/bin/../lib/gcc/arm-none-eabi/4.8.3/armv7-m/crti.o
LOAD c:/code/eclipse/eclipse/arduinoplugin/packages/arduino/tools/arm-none-eabi-gcc/4.8.3-2014q1/bin/../lib/gcc/arm-none-eabi/4.8.3/armv7-m/crtbegin.o
LOAD c:/code/eclipse/eclipse/arduinoplugin/packages/arduino/tools/arm-none-eabi-gcc/4.8.3-2014q1/bin/../lib/gcc/arm-none-eabi/4.8.3/../../../../arm-none-eabi/lib/armv7-m/crt0.o
START GROUP
LOAD .\src\libraries\stepper.cpp.o
LOAD .\src\Steppers_v_1_0.cpp.o
LOAD C:\Code\Eclipse\eclipse\arduinoPlugin\packages\arduino\hardware\sam\1.6.11\variants\arduino_due_x/libsam_sam3x8e_gcc_rel.a
LOAD D:/Github/CCTVal/CCTVal_Steppers/Firmware/Steppers_v_1_0/Release/arduino.ar
END GROUP
LOAD c:/code/eclipse/eclipse/arduinoplugin/packages/arduino/tools/arm-none-eabi-gcc/4.8.3-2014q1/bin/../lib/gcc/arm-none-eabi/4.8.3/../../../../arm-none-eabi/lib/armv7-m\libm.a
START GROUP
LOAD c:/code/eclipse/eclipse/arduinoplugin/packages/arduino/tools/arm-none-eabi-gcc/4.8.3-2014q1/bin/../lib/gcc/arm-none-eabi/4.8.3/armv7-m\libgcc.a
LOAD c:/code/eclipse/eclipse/arduinoplugin/packages/arduino/tools/arm-none-eabi-gcc/4.8.3-2014q1/bin/../lib/gcc/arm-none-eabi/4.8.3/../../../../arm-none-eabi/lib/armv7-m\libg.a
LOAD c:/code/eclipse/eclipse/arduinoplugin/packages/arduino/tools/arm-none-eabi-gcc/4.8.3-2014q1/bin/../lib/gcc/arm-none-eabi/4.8.3/../../../../arm-none-eabi/lib/armv7-m\libc.a
END GROUP
LOAD c:/code/eclipse/eclipse/arduinoplugin/packages/arduino/tools/arm-none-eabi-gcc/4.8.3-2014q1/bin/../lib/gcc/arm-none-eabi/4.8.3/armv7-m/crtend.o
LOAD c:/code/eclipse/eclipse/arduinoplugin/packages/arduino/tools/arm-none-eabi-gcc/4.8.3-2014q1/bin/../lib/gcc/arm-none-eabi/4.8.3/armv7-m/crtn.o

.text           0x00080000     0x5654
                0x00080000                . = ALIGN (0x4)
                0x00080000                _sfixed = .
 *(.vectors .vectors.*)
 .vectors       0x00080000       0xf4 C:\Code\Eclipse\eclipse\arduinoPlugin\packages\arduino\hardware\sam\1.6.11\variants\arduino_due_x/libsam_sam3x8e_gcc_rel.a(startup_sam3xa.o)
                0x00080000                exception_table
 *(.text .text.* .gnu.linkonce.t.*)
 .text          0x000800f4       0x54 c:/code/eclipse/eclipse/arduinoplugin/packages/arduino/tools/arm-none-eabi-gcc/4.8.3-2014q1/bin/../lib/gcc/arm-none-eabi/4.8.3/armv7-m/crtbegin.o
 .text.setup    0x00080148        0x2 .\src\Steppers_v_1_0.cpp.o
                0x00080148                setup
 .text.loop     0x0008014a        0x2 .\src\Steppers_v_1_0.cpp.o
                0x0008014a                loop
 .text.Reset_Handler
                0x0008014c       0x78 C:\Code\Eclipse\eclipse\arduinoPlugin\packages\arduino\hardware\sam\1.6.11\variants\arduino_due_x/libsam_sam3x8e_gcc_rel.a(startup_sam3xa.o)
                0x0008014c                Reset_Handler
 .text.UOTGHS_Handler
                0x000801c4       0x10 C:\Code\Eclipse\eclipse\arduinoPlugin\packages\arduino\hardware\sam\1.6.11\variants\arduino_due_x/libsam_sam3x8e_gcc_rel.a(uotghs.o)
                0x000801c4                UOTGHS_Handler
 .text._Z11serialEventv
                0x000801d4        0x2 D:/Github/CCTVal/CCTVal_Steppers/Firmware/Steppers_v_1_0/Release/arduino.ar(variant.cpp.o)
                0x000801d4                serialEvent()
 *fill*         0x000801d6        0x2 
 .text.UART_Handler
                0x000801d8        0xc D:/Github/CCTVal/CCTVal_Steppers/Firmware/Steppers_v_1_0/Release/arduino.ar(variant.cpp.o)
                0x000801d8                UART_Handler
 .text._Z12serialEvent1v
                0x000801e4        0x2 D:/Github/CCTVal/CCTVal_Steppers/Firmware/Steppers_v_1_0/Release/arduino.ar(variant.cpp.o)
                0x000801e4                serialEvent1()
 .text._Z12serialEvent2v
                0x000801e6        0x2 D:/Github/CCTVal/CCTVal_Steppers/Firmware/Steppers_v_1_0/Release/arduino.ar(variant.cpp.o)
                0x000801e6                serialEvent2()
 .text._Z12serialEvent3v
                0x000801e8        0x2 D:/Github/CCTVal/CCTVal_Steppers/Firmware/Steppers_v_1_0/Release/arduino.ar(variant.cpp.o)
                0x000801e8                serialEvent3()
 *fill*         0x000801ea        0x2 
 .text.USART0_Handler
                0x000801ec        0xc D:/Github/CCTVal/CCTVal_Steppers/Firmware/Steppers_v_1_0/Release/arduino.ar(variant.cpp.o)
                0x000801ec                USART0_Handler
 .text.USART1_Handler
                0x000801f8        0xc D:/Github/CCTVal/CCTVal_Steppers/Firmware/Steppers_v_1_0/Release/arduino.ar(variant.cpp.o)
                0x000801f8                USART1_Handler
 .text.USART3_Handler
                0x00080204        0xc D:/Github/CCTVal/CCTVal_Steppers/Firmware/Steppers_v_1_0/Release/arduino.ar(variant.cpp.o)
                0x00080204                USART3_Handler
 .text.init     0x00080210      0x128 D:/Github/CCTVal/CCTVal_Steppers/Firmware/Steppers_v_1_0/Release/arduino.ar(variant.cpp.o)
                0x00080210                init
 .text.startup._GLOBAL__sub_I_g_APinDescription
                0x00080338       0xd4 D:/Github/CCTVal/CCTVal_Steppers/Firmware/Steppers_v_1_0/Release/arduino.ar(variant.cpp.o)
 .text._Z14serialEventRunv
                0x0008040c       0x44 D:/Github/CCTVal/CCTVal_Steppers/Firmware/Steppers_v_1_0/Release/arduino.ar(variant.cpp.o)
                0x0008040c                serialEventRun()
 .text._ZN10RingBufferC2Ev
                0x00080450       0x1a D:/Github/CCTVal/CCTVal_Steppers/Firmware/Steppers_v_1_0/Release/arduino.ar(RingBuffer.cpp.o)
                0x00080450                RingBuffer::RingBuffer()
                0x00080450                RingBuffer::RingBuffer()
 .text._ZN10RingBuffer10store_charEh
                0x0008046a       0x1e D:/Github/CCTVal/CCTVal_Steppers/Firmware/Steppers_v_1_0/Release/arduino.ar(RingBuffer.cpp.o)
                0x0008046a                RingBuffer::store_char(unsigned char)
 .text._ZN9UARTClasscvbEv
                0x00080488        0x4 D:/Github/CCTVal/CCTVal_Steppers/Firmware/Steppers_v_1_0/Release/arduino.ar(UARTClass.cpp.o)
                0x00080488                UARTClass::operator bool()
 .text._ZN9UARTClass9availableEv
                0x0008048c       0x12 D:/Github/CCTVal/CCTVal_Steppers/Firmware/Steppers_v_1_0/Release/arduino.ar(UARTClass.cpp.o)
                0x0008048c                UARTClass::available()
 .text._ZN9UARTClass4peekEv
                0x0008049e       0x1c D:/Github/CCTVal/CCTVal_Steppers/Firmware/Steppers_v_1_0/Release/arduino.ar(UARTClass.cpp.o)
                0x0008049e                UARTClass::peek()
 .text._ZN9UARTClass4readEv
                0x000804ba       0x2a D:/Github/CCTVal/CCTVal_Steppers/Firmware/Steppers_v_1_0/Release/arduino.ar(UARTClass.cpp.o)
                0x000804ba                UARTClass::read()
 .text._ZN9UARTClass5flushEv
                0x000804e4       0x18 D:/Github/CCTVal/CCTVal_Steppers/Firmware/Steppers_v_1_0/Release/arduino.ar(UARTClass.cpp.o)
                0x000804e4                UARTClass::flush()
 .text._ZN9UARTClass5writeEh
                0x000804fc       0x54 D:/Github/CCTVal/CCTVal_Steppers/Firmware/Steppers_v_1_0/Release/arduino.ar(UARTClass.cpp.o)
                0x000804fc                UARTClass::write(unsigned char)
 .text._ZN9UARTClass3endEv
                0x00080550       0x3c D:/Github/CCTVal/CCTVal_Steppers/Firmware/Steppers_v_1_0/Release/arduino.ar(UARTClass.cpp.o)
                0x00080550                UARTClass::end()
 .text._ZN9UARTClassC2EP4Uart4IRQnmP10RingBufferS4_
                0x0008058c       0x24 D:/Github/CCTVal/CCTVal_Steppers/Firmware/Steppers_v_1_0/Release/arduino.ar(UARTClass.cpp.o)
                0x0008058c                UARTClass::UARTClass(Uart*, IRQn, unsigned long, RingBuffer*, RingBuffer*)
                0x0008058c                UARTClass::UARTClass(Uart*, IRQn, unsigned long, RingBuffer*, RingBuffer*)
 .text._ZN9UARTClass4initEmm
                0x000805b0       0x70 D:/Github/CCTVal/CCTVal_Steppers/Firmware/Steppers_v_1_0/Release/arduino.ar(UARTClass.cpp.o)
                0x000805b0                UARTClass::init(unsigned long, unsigned long)
 .text._ZN9UARTClass5beginEm
                0x00080620        0x8 D:/Github/CCTVal/CCTVal_Steppers/Firmware/Steppers_v_1_0/Release/arduino.ar(UARTClass.cpp.o)
                0x00080620                UARTClass::begin(unsigned long)
 .text._ZN9UARTClass10IrqHandlerEv
                0x00080628       0x5a D:/Github/CCTVal/CCTVal_Steppers/Firmware/Steppers_v_1_0/Release/arduino.ar(UARTClass.cpp.o)
                0x00080628                UARTClass::IrqHandler()
 .text._ZN10USARTClass5beginEm
                0x00080682        0x8 D:/Github/CCTVal/CCTVal_Steppers/Firmware/Steppers_v_1_0/Release/arduino.ar(USARTClass.cpp.o)
                0x00080682                USARTClass::begin(unsigned long)
 *fill*         0x0008068a        0x2 
 .text._ZN10USARTClassC2EP5Usart4IRQnmP10RingBufferS4_
                0x0008068c       0x24 D:/Github/CCTVal/CCTVal_Steppers/Firmware/Steppers_v_1_0/Release/arduino.ar(USARTClass.cpp.o)
                0x0008068c                USARTClass::USARTClass(Usart*, IRQn, unsigned long, RingBuffer*, RingBuffer*)
                0x0008068c                USARTClass::USARTClass(Usart*, IRQn, unsigned long, RingBuffer*, RingBuffer*)
 .text.PIOA_Handler
                0x000806b0       0x38 D:/Github/CCTVal/CCTVal_Steppers/Firmware/Steppers_v_1_0/Release/arduino.ar(WInterrupts.c.o)
                0x000806b0                PIOA_Handler
 .text.PIOB_Handler
                0x000806e8       0x38 D:/Github/CCTVal/CCTVal_Steppers/Firmware/Steppers_v_1_0/Release/arduino.ar(WInterrupts.c.o)
                0x000806e8                PIOB_Handler
 .text.PIOC_Handler
                0x00080720       0x38 D:/Github/CCTVal/CCTVal_Steppers/Firmware/Steppers_v_1_0/Release/arduino.ar(WInterrupts.c.o)
                0x00080720                PIOC_Handler
 .text.PIOD_Handler
                0x00080758       0x38 D:/Github/CCTVal/CCTVal_Steppers/Firmware/Steppers_v_1_0/Release/arduino.ar(WInterrupts.c.o)
                0x00080758                PIOD_Handler
 .text.__halt   0x00080790        0x2 D:/Github/CCTVal/CCTVal_Steppers/Firmware/Steppers_v_1_0/Release/arduino.ar(cortex_handlers.c.o)
                0x00080790                DACC_Handler
                0x00080790                DebugMon_Handler
                0x00080790                DMAC_Handler
                0x00080790                TRNG_Handler
                0x00080790                HardFault_Handler
                0x00080790                TC2_Handler
                0x00080790                TWI1_Handler
                0x00080790                NMI_Handler
                0x00080790                TC7_Handler
                0x00080790                ADC_Handler
                0x00080790                SMC_Handler
                0x00080790                RTT_Handler
                0x00080790                EFC1_Handler
                0x00080790                RTC_Handler
                0x00080790                UsageFault_Handler
                0x00080790                TC6_Handler
                0x00080790                WDT_Handler
                0x00080790                CAN0_Handler
                0x00080790                TC4_Handler
                0x00080790                TC1_Handler
                0x00080790                HSMCI_Handler
                0x00080790                TC3_Handler
                0x00080790                TWI0_Handler
                0x00080790                SSC_Handler
                0x00080790                EFC0_Handler
                0x00080790                PMC_Handler
                0x00080790                PWM_Handler
                0x00080790                CAN1_Handler
                0x00080790                MemManage_Handler
                0x00080790                SUPC_Handler
                0x00080790                TC8_Handler
                0x00080790                USART2_Handler
                0x00080790                EMAC_Handler
                0x00080790                BusFault_Handler
                0x00080790                RSTC_Handler
                0x00080790                TC0_Handler
                0x00080790                TC5_Handler
                0x00080790                SPI0_Handler
 .text.SVC_Handler
                0x00080792        0x4 D:/Github/CCTVal/CCTVal_Steppers/Firmware/Steppers_v_1_0/Release/arduino.ar(cortex_handlers.c.o)
                0x00080792                SVC_Handler
 .text.PendSV_Handler
                0x00080796        0x4 D:/Github/CCTVal/CCTVal_Steppers/Firmware/Steppers_v_1_0/Release/arduino.ar(cortex_handlers.c.o)
                0x00080796                PendSV_Handler
 .text.SysTick_Handler
                0x0008079a       0x16 D:/Github/CCTVal/CCTVal_Steppers/Firmware/Steppers_v_1_0/Release/arduino.ar(cortex_handlers.c.o)
                0x0008079a                SysTick_Handler
 .text.__empty  0x000807b0        0x2 D:/Github/CCTVal/CCTVal_Steppers/Firmware/Steppers_v_1_0/Release/arduino.ar(hooks.c.o)
                0x000807b0                yield
 .text.__false  0x000807b2        0x4 D:/Github/CCTVal/CCTVal_Steppers/Firmware/Steppers_v_1_0/Release/arduino.ar(hooks.c.o)
                0x000807b2                sysTickHook
 .text.__halt   0x000807b6        0x2 D:/Github/CCTVal/CCTVal_Steppers/Firmware/Steppers_v_1_0/Release/arduino.ar(hooks.c.o)
                0x000807b6                svcHook
                0x000807b6                pendSVHook
 .text.initVariant
                0x000807b8        0x2 D:/Github/CCTVal/CCTVal_Steppers/Firmware/Steppers_v_1_0/Release/arduino.ar(main.cpp.o)
                0x000807b8                initVariant
 *fill*         0x000807ba        0x2 
 .text.startup.main
                0x000807bc       0x38 D:/Github/CCTVal/CCTVal_Steppers/Firmware/Steppers_v_1_0/Release/arduino.ar(main.cpp.o)
                0x000807bc                main
 .text._sbrk    0x000807f4       0x1c D:/Github/CCTVal/CCTVal_Steppers/Firmware/Steppers_v_1_0/Release/arduino.ar(syscalls_sam3.c.o)
                0x000807f4                _sbrk
 .text.link     0x00080810        0x6 D:/Github/CCTVal/CCTVal_Steppers/Firmware/Steppers_v_1_0/Release/arduino.ar(syscalls_sam3.c.o)
                0x00080810                link
 .text._close   0x00080816        0x6 D:/Github/CCTVal/CCTVal_Steppers/Firmware/Steppers_v_1_0/Release/arduino.ar(syscalls_sam3.c.o)
                0x00080816                _close
 .text._fstat   0x0008081c        0xa D:/Github/CCTVal/CCTVal_Steppers/Firmware/Steppers_v_1_0/Release/arduino.ar(syscalls_sam3.c.o)
                0x0008081c                _fstat
 .text._isatty  0x00080826        0x4 D:/Github/CCTVal/CCTVal_Steppers/Firmware/Steppers_v_1_0/Release/arduino.ar(syscalls_sam3.c.o)
                0x00080826                _isatty
 .text._lseek   0x0008082a        0x4 D:/Github/CCTVal/CCTVal_Steppers/Firmware/Steppers_v_1_0/Release/arduino.ar(syscalls_sam3.c.o)
                0x0008082a                _lseek
 .text._read    0x0008082e        0x4 D:/Github/CCTVal/CCTVal_Steppers/Firmware/Steppers_v_1_0/Release/arduino.ar(syscalls_sam3.c.o)
                0x0008082e                _read
 *fill*         0x00080832        0x2 
 .text._write   0x00080834       0x24 D:/Github/CCTVal/CCTVal_Steppers/Firmware/Steppers_v_1_0/Release/arduino.ar(syscalls_sam3.c.o)
                0x00080834                _write
 .text._exit    0x00080858       0x10 D:/Github/CCTVal/CCTVal_Steppers/Firmware/Steppers_v_1_0/Release/arduino.ar(syscalls_sam3.c.o)
                0x00080858                _exit
 .text._kill    0x00080868        0x2 D:/Github/CCTVal/CCTVal_Steppers/Firmware/Steppers_v_1_0/Release/arduino.ar(syscalls_sam3.c.o)
                0x00080868                _kill
 .text._getpid  0x0008086a        0x6 D:/Github/CCTVal/CCTVal_Steppers/Firmware/Steppers_v_1_0/Release/arduino.ar(syscalls_sam3.c.o)
                0x0008086a                _getpid
 .text._watchdogDefaultSetup
                0x00080870        0xc D:/Github/CCTVal/CCTVal_Steppers/Firmware/Steppers_v_1_0/Release/arduino.ar(watchdog.cpp.o)
                0x00080870                _watchdogDefaultSetup
                0x00080870                watchdogSetup()
 .text.delay    0x0008087c       0x1c D:/Github/CCTVal/CCTVal_Steppers/Firmware/Steppers_v_1_0/Release/arduino.ar(wiring.c.o)
                0x0008087c                delay
 .text.analogOutputInit
                0x00080898        0x2 D:/Github/CCTVal/CCTVal_Steppers/Firmware/Steppers_v_1_0/Release/arduino.ar(wiring_analog.c.o)
                0x00080898                analogOutputInit
 *fill*         0x0008089a        0x2 
 .text.pinMode  0x0008089c      0x108 D:/Github/CCTVal/CCTVal_Steppers/Firmware/Steppers_v_1_0/Release/arduino.ar(wiring_digital.c.o)
                0x0008089c                pinMode
 .text.digitalWrite
                0x000809a4       0x70 D:/Github/CCTVal/CCTVal_Steppers/Firmware/Steppers_v_1_0/Release/arduino.ar(wiring_digital.c.o)
                0x000809a4                digitalWrite
 .text.unlikely._ZL11USB_SendZlpv
                0x00080a14       0x20 D:/Github/CCTVal/CCTVal_Steppers/Firmware/Steppers_v_1_0/Release/arduino.ar(USBCore.cpp.o)
 .text._Z14USBD_Availablem
                0x00080a34       0x2c D:/Github/CCTVal/CCTVal_Steppers/Firmware/Steppers_v_1_0/Release/arduino.ar(USBCore.cpp.o)
                0x00080a34                USBD_Available(unsigned long)
 .text._Z9USBD_RecvmPvm
                0x00080a60       0x7c D:/Github/CCTVal/CCTVal_Steppers/Firmware/Steppers_v_1_0/Release/arduino.ar(USBCore.cpp.o)
                0x00080a60                USBD_Recv(unsigned long, void*, unsigned long)
 .text._Z9USBD_Recvm
                0x00080adc       0x22 D:/Github/CCTVal/CCTVal_Steppers/Firmware/Steppers_v_1_0/Release/arduino.ar(USBCore.cpp.o)
                0x00080adc                USBD_Recv(unsigned long)
 *fill*         0x00080afe        0x2 
 .text._Z9USBD_SendmPKvm
                0x00080b00       0x4c D:/Github/CCTVal/CCTVal_Steppers/Firmware/Steppers_v_1_0/Release/arduino.ar(USBCore.cpp.o)
                0x00080b00                USBD_Send(unsigned long, void const*, unsigned long)
 .text._Z16USBD_SendControlhPKvm
                0x00080b4c       0x40 D:/Github/CCTVal/CCTVal_Steppers/Firmware/Steppers_v_1_0/Release/arduino.ar(USBCore.cpp.o)
                0x00080b4c                USBD_SendControl(unsigned char, void const*, unsigned long)
 .text.unlikely._ZL24USB_SendStringDescriptorPKhi
                0x00080b8c       0x64 D:/Github/CCTVal/CCTVal_Steppers/Firmware/Steppers_v_1_0/Release/arduino.ar(USBCore.cpp.o)
 .text._Z16USBD_RecvControlPvm
                0x00080bf0       0x1c D:/Github/CCTVal/CCTVal_Steppers/Firmware/Steppers_v_1_0/Release/arduino.ar(USBCore.cpp.o)
                0x00080bf0                USBD_RecvControl(void*, unsigned long)
 .text._Z26USBD_ClassInterfaceRequestR8USBSetup
                0x00080c0c       0x1e D:/Github/CCTVal/CCTVal_Steppers/Firmware/Steppers_v_1_0/Release/arduino.ar(USBCore.cpp.o)
                0x00080c0c                USBD_ClassInterfaceRequest(USBSetup&)
 .text._Z19USBD_SendInterfacesv
                0x00080c2a       0x22 D:/Github/CCTVal/CCTVal_Steppers/Firmware/Steppers_v_1_0/Release/arduino.ar(USBCore.cpp.o)
                0x00080c2a                USBD_SendInterfaces()
 .text._Z24USBD_SendOtherInterfacesv
                0x00080c4c       0x22 D:/Github/CCTVal/CCTVal_Steppers/Firmware/Steppers_v_1_0/Release/arduino.ar(USBCore.cpp.o)
                0x00080c4c                USBD_SendOtherInterfaces()
 .text._Z10USBD_Flushm
                0x00080c6e       0x16 D:/Github/CCTVal/CCTVal_Steppers/Firmware/Steppers_v_1_0/Release/arduino.ar(USBCore.cpp.o)
                0x00080c6e                USBD_Flush(unsigned long)
 .text._ZN10USBDevice_C2Ev
                0x00080c84       0x24 D:/Github/CCTVal/CCTVal_Steppers/Firmware/Steppers_v_1_0/Release/arduino.ar(USBCore.cpp.o)
                0x00080c84                USBDevice_::USBDevice_()
                0x00080c84                USBDevice_::USBDevice_()
 .text._ZN10USBDevice_6attachEv
                0x00080ca8       0x20 D:/Github/CCTVal/CCTVal_Steppers/Firmware/Steppers_v_1_0/Release/arduino.ar(USBCore.cpp.o)
                0x00080ca8                USBDevice_::attach()
 .text.startup._GLOBAL__sub_I_EndPoints
                0x00080cc8        0xc D:/Github/CCTVal/CCTVal_Steppers/Firmware/Steppers_v_1_0/Release/arduino.ar(USBCore.cpp.o)
 .text._ZL7USB_ISRv
                0x00080cd4      0x454 D:/Github/CCTVal/CCTVal_Steppers/Firmware/Steppers_v_1_0/Release/arduino.ar(USBCore.cpp.o)
 .text._ZN5Print5writeEPKhj
                0x00081128       0x22 D:/Github/CCTVal/CCTVal_Steppers/Firmware/Steppers_v_1_0/Release/arduino.ar(Print.cpp.o)
                0x00081128                Print::write(unsigned char const*, unsigned int)
 *fill*         0x0008114a        0x2 
 .text.initiateReset
                0x0008114c        0xc D:/Github/CCTVal/CCTVal_Steppers/Firmware/Steppers_v_1_0/Release/arduino.ar(Reset.cpp.o)
                0x0008114c                initiateReset
 .text.cancelReset
                0x00081158       0x10 D:/Github/CCTVal/CCTVal_Steppers/Firmware/Steppers_v_1_0/Release/arduino.ar(Reset.cpp.o)
                0x00081158                cancelReset
 .text.tickReset
                0x00081168       0x20 D:/Github/CCTVal/CCTVal_Steppers/Firmware/Steppers_v_1_0/Release/arduino.ar(Reset.cpp.o)
                0x00081168                tickReset
 .text._ZN7Serial_9availableEv
                0x00081188       0x18 D:/Github/CCTVal/CCTVal_Steppers/Firmware/Steppers_v_1_0/Release/arduino.ar(CDC.cpp.o)
                0x00081188                Serial_::available()
 .text._ZN7Serial_17availableForWriteEv
                0x000811a0        0x6 D:/Github/CCTVal/CCTVal_Steppers/Firmware/Steppers_v_1_0/Release/arduino.ar(CDC.cpp.o)
                0x000811a0                Serial_::availableForWrite()
 *fill*         0x000811a6        0x2 
 .text._ZN7Serial_4peekEv
                0x000811a8       0x20 D:/Github/CCTVal/CCTVal_Steppers/Firmware/Steppers_v_1_0/Release/arduino.ar(CDC.cpp.o)
                0x000811a8                Serial_::peek()
 .text._ZN7Serial_5writeEh
                0x000811c8       0x16 D:/Github/CCTVal/CCTVal_Steppers/Firmware/Steppers_v_1_0/Release/arduino.ar(CDC.cpp.o)
                0x000811c8                Serial_::write(unsigned char)
 *fill*         0x000811de        0x2 
 .text._ZN7Serial_4readEv
                0x000811e0       0x44 D:/Github/CCTVal/CCTVal_Steppers/Firmware/Steppers_v_1_0/Release/arduino.ar(CDC.cpp.o)
                0x000811e0                Serial_::read()
 .text._ZN7Serial_5flushEv
                0x00081224        0x6 D:/Github/CCTVal/CCTVal_Steppers/Firmware/Steppers_v_1_0/Release/arduino.ar(CDC.cpp.o)
                0x00081224                Serial_::flush()
 *fill*         0x0008122a        0x2 
 .text._ZN7Serial_6acceptEv
                0x0008122c       0x70 D:/Github/CCTVal/CCTVal_Steppers/Firmware/Steppers_v_1_0/Release/arduino.ar(CDC.cpp.o)
                0x0008122c                Serial_::accept()
 .text._ZN7Serial_5writeEPKhj
                0x0008129c       0x2c D:/Github/CCTVal/CCTVal_Steppers/Firmware/Steppers_v_1_0/Release/arduino.ar(CDC.cpp.o)
                0x0008129c                Serial_::write(unsigned char const*, unsigned int)
 .text._Z16CDC_GetInterfacePh
                0x000812c8       0x14 D:/Github/CCTVal/CCTVal_Steppers/Firmware/Steppers_v_1_0/Release/arduino.ar(CDC.cpp.o)
                0x000812c8                CDC_GetInterface(unsigned char*)
 .text._Z21CDC_GetOtherInterfacePh
                0x000812dc       0x14 D:/Github/CCTVal/CCTVal_Steppers/Firmware/Steppers_v_1_0/Release/arduino.ar(CDC.cpp.o)
                0x000812dc                CDC_GetOtherInterface(unsigned char*)
 .text._Z9CDC_SetupR8USBSetup
                0x000812f0       0x78 D:/Github/CCTVal/CCTVal_Steppers/Firmware/Steppers_v_1_0/Release/arduino.ar(CDC.cpp.o)
                0x000812f0                CDC_Setup(USBSetup&)
 .text.startup._GLOBAL__sub_I_cdc_rx_buffer
                0x00081368       0x1c D:/Github/CCTVal/CCTVal_Steppers/Firmware/Steppers_v_1_0/Release/arduino.ar(CDC.cpp.o)
 .text._ZN13PluggableUSB_12getInterfaceEPh
                0x00081384       0x28 D:/Github/CCTVal/CCTVal_Steppers/Firmware/Steppers_v_1_0/Release/arduino.ar(PluggableUSB.cpp.o)
                0x00081384                PluggableUSB_::getInterface(unsigned char*)
 .text._ZN13PluggableUSB_13getDescriptorER8USBSetup
                0x000813ac       0x1c D:/Github/CCTVal/CCTVal_Steppers/Firmware/Steppers_v_1_0/Release/arduino.ar(PluggableUSB.cpp.o)
                0x000813ac                PluggableUSB_::getDescriptor(USBSetup&)
 .text._ZN13PluggableUSB_12getShortNameEPc
                0x000813c8       0x1c D:/Github/CCTVal/CCTVal_Steppers/Firmware/Steppers_v_1_0/Release/arduino.ar(PluggableUSB.cpp.o)
                0x000813c8                PluggableUSB_::getShortName(char*)
 .text._ZN13PluggableUSB_5setupER8USBSetup
                0x000813e4       0x20 D:/Github/CCTVal/CCTVal_Steppers/Firmware/Steppers_v_1_0/Release/arduino.ar(PluggableUSB.cpp.o)
                0x000813e4                PluggableUSB_::setup(USBSetup&)
 .text._Z12PluggableUSBv
                0x00081404       0x28 D:/Github/CCTVal/CCTVal_Steppers/Firmware/Steppers_v_1_0/Release/arduino.ar(PluggableUSB.cpp.o)
                0x00081404                PluggableUSB()
 .text.PIO_PullUp
                0x0008142c        0xa C:\Code\Eclipse\eclipse\arduinoPlugin\packages\arduino\hardware\sam\1.6.11\variants\arduino_due_x/libsam_sam3x8e_gcc_rel.a(pio.o)
                0x0008142c                PIO_PullUp
 .text.PIO_SetPeripheral
                0x00081436       0x26 C:\Code\Eclipse\eclipse\arduinoPlugin\packages\arduino\hardware\sam\1.6.11\variants\arduino_due_x/libsam_sam3x8e_gcc_rel.a(pio.o)
                0x00081436                PIO_SetPeripheral
 .text.PIO_SetInput
                0x0008145c       0x26 C:\Code\Eclipse\eclipse\arduinoPlugin\packages\arduino\hardware\sam\1.6.11\variants\arduino_due_x/libsam_sam3x8e_gcc_rel.a(pio.o)
                0x0008145c                PIO_SetInput
 .text.PIO_SetOutput
                0x00081482       0x24 C:\Code\Eclipse\eclipse\arduinoPlugin\packages\arduino\hardware\sam\1.6.11\variants\arduino_due_x/libsam_sam3x8e_gcc_rel.a(pio.o)
                0x00081482                PIO_SetOutput
 *fill*         0x000814a6        0x2 
 .text.PIO_Configure
                0x000814a8       0x64 C:\Code\Eclipse\eclipse\arduinoPlugin\packages\arduino\hardware\sam\1.6.11\variants\arduino_due_x/libsam_sam3x8e_gcc_rel.a(pio.o)
                0x000814a8                PIO_Configure
 .text.PIO_GetOutputDataStatus
                0x0008150c       0x14 C:\Code\Eclipse\eclipse\arduinoPlugin\packages\arduino\hardware\sam\1.6.11\variants\arduino_due_x/libsam_sam3x8e_gcc_rel.a(pio.o)
                0x0008150c                PIO_GetOutputDataStatus
 .text.pmc_enable_upll_clock
                0x00081520       0x14 C:\Code\Eclipse\eclipse\arduinoPlugin\packages\arduino\hardware\sam\1.6.11\variants\arduino_due_x/libsam_sam3x8e_gcc_rel.a(pmc.o)
                0x00081520                pmc_enable_upll_clock
 .text.pmc_enable_periph_clk
                0x00081534       0x44 C:\Code\Eclipse\eclipse\arduinoPlugin\packages\arduino\hardware\sam\1.6.11\variants\arduino_due_x/libsam_sam3x8e_gcc_rel.a(pmc.o)
                0x00081534                pmc_enable_periph_clk
 .text.pmc_disable_periph_clk
                0x00081578       0x40 C:\Code\Eclipse\eclipse\arduinoPlugin\packages\arduino\hardware\sam\1.6.11\variants\arduino_due_x/libsam_sam3x8e_gcc_rel.a(pmc.o)
                0x00081578                pmc_disable_periph_clk
 .text.pmc_switch_udpck_to_upllck
                0x000815b8       0x14 C:\Code\Eclipse\eclipse\arduinoPlugin\packages\arduino\hardware\sam\1.6.11\variants\arduino_due_x/libsam_sam3x8e_gcc_rel.a(pmc.o)
                0x000815b8                pmc_switch_udpck_to_upllck
 .text.pmc_enable_udpck
                0x000815cc        0xc C:\Code\Eclipse\eclipse\arduinoPlugin\packages\arduino\hardware\sam\1.6.11\variants\arduino_due_x/libsam_sam3x8e_gcc_rel.a(pmc.o)
                0x000815cc                pmc_enable_udpck
 .text.TimeTick_Increment
                0x000815d8       0x10 C:\Code\Eclipse\eclipse\arduinoPlugin\packages\arduino\hardware\sam\1.6.11\variants\arduino_due_x/libsam_sam3x8e_gcc_rel.a(timetick.o)
                0x000815d8                TimeTick_Increment
 .text.GetTickCount
                0x000815e8        0xc C:\Code\Eclipse\eclipse\arduinoPlugin\packages\arduino\hardware\sam\1.6.11\variants\arduino_due_x/libsam_sam3x8e_gcc_rel.a(timetick.o)
                0x000815e8                GetTickCount
 .text.WDT_Disable
                0x000815f4        0x8 C:\Code\Eclipse\eclipse\arduinoPlugin\packages\arduino\hardware\sam\1.6.11\variants\arduino_due_x/libsam_sam3x8e_gcc_rel.a(wdt.o)
                0x000815f4                WDT_Disable
 .text.SystemInit
                0x000815fc       0x88 C:\Code\Eclipse\eclipse\arduinoPlugin\packages\arduino\hardware\sam\1.6.11\variants\arduino_due_x/libsam_sam3x8e_gcc_rel.a(system_sam3xa.o)
                0x000815fc                SystemInit
 .text.adc_init
                0x00081684       0x98 C:\Code\Eclipse\eclipse\arduinoPlugin\packages\arduino\hardware\sam\1.6.11\variants\arduino_due_x/libsam_sam3x8e_gcc_rel.a(adc.o)
                0x00081684                adc_init
 .text.adc_configure_trigger
                0x0008171c        0xe C:\Code\Eclipse\eclipse\arduinoPlugin\packages\arduino\hardware\sam\1.6.11\variants\arduino_due_x/libsam_sam3x8e_gcc_rel.a(adc.o)
                0x0008171c                adc_configure_trigger
 .text.adc_configure_timing
                0x0008172a       0x1a C:\Code\Eclipse\eclipse\arduinoPlugin\packages\arduino\hardware\sam\1.6.11\variants\arduino_due_x/libsam_sam3x8e_gcc_rel.a(adc.o)
                0x0008172a                adc_configure_timing
 .text.adc_disable_channel
                0x00081744        0xa C:\Code\Eclipse\eclipse\arduinoPlugin\packages\arduino\hardware\sam\1.6.11\variants\arduino_due_x/libsam_sam3x8e_gcc_rel.a(adc.o)
                0x00081744                adc_disable_channel
 .text.adc_disable_all_channel
                0x0008174e        0x8 C:\Code\Eclipse\eclipse\arduinoPlugin\packages\arduino\hardware\sam\1.6.11\variants\arduino_due_x/libsam_sam3x8e_gcc_rel.a(adc.o)
                0x0008174e                adc_disable_all_channel
 .text.adc_disable_interrupt
                0x00081756        0x4 C:\Code\Eclipse\eclipse\arduinoPlugin\packages\arduino\hardware\sam\1.6.11\variants\arduino_due_x/libsam_sam3x8e_gcc_rel.a(adc.o)
                0x00081756                adc_disable_interrupt
 *fill*         0x0008175a        0x2 
 .text.UDD_SetStack
                0x0008175c        0xc C:\Code\Eclipse\eclipse\arduinoPlugin\packages\arduino\hardware\sam\1.6.11\variants\arduino_due_x/libsam_sam3x8e_gcc_rel.a(uotghs_device.o)
                0x0008175c                UDD_SetStack
 .text.UDD_Init
                0x00081768       0xd0 C:\Code\Eclipse\eclipse\arduinoPlugin\packages\arduino\hardware\sam\1.6.11\variants\arduino_due_x/libsam_sam3x8e_gcc_rel.a(uotghs_device.o)
                0x00081768                UDD_Init
 .text.UDD_Attach
                0x00081838       0x50 C:\Code\Eclipse\eclipse\arduinoPlugin\packages\arduino\hardware\sam\1.6.11\variants\arduino_due_x/libsam_sam3x8e_gcc_rel.a(uotghs_device.o)
                0x00081838                UDD_Attach
 .text.UDD_InitEP
                0x00081888       0x2c C:\Code\Eclipse\eclipse\arduinoPlugin\packages\arduino\hardware\sam\1.6.11\variants\arduino_due_x/libsam_sam3x8e_gcc_rel.a(uotghs_device.o)
                0x00081888                UDD_InitEP
 .text.UDD_InitEndpoints
                0x000818b4       0x3c C:\Code\Eclipse\eclipse\arduinoPlugin\packages\arduino\hardware\sam\1.6.11\variants\arduino_due_x/libsam_sam3x8e_gcc_rel.a(uotghs_device.o)
                0x000818b4                UDD_InitEndpoints
 .text.UDD_WaitIN
                0x000818f0       0x10 C:\Code\Eclipse\eclipse\arduinoPlugin\packages\arduino\hardware\sam\1.6.11\variants\arduino_due_x/libsam_sam3x8e_gcc_rel.a(uotghs_device.o)
                0x000818f0                UDD_WaitIN
 .text.UDD_WaitOUT
                0x00081900       0x10 C:\Code\Eclipse\eclipse\arduinoPlugin\packages\arduino\hardware\sam\1.6.11\variants\arduino_due_x/libsam_sam3x8e_gcc_rel.a(uotghs_device.o)
                0x00081900                UDD_WaitOUT
 .text.UDD_ClearIN
                0x00081910       0x18 C:\Code\Eclipse\eclipse\arduinoPlugin\packages\arduino\hardware\sam\1.6.11\variants\arduino_due_x/libsam_sam3x8e_gcc_rel.a(uotghs_device.o)
                0x00081910                UDD_ClearIN
 .text.UDD_ClearOUT
                0x00081928       0x18 C:\Code\Eclipse\eclipse\arduinoPlugin\packages\arduino\hardware\sam\1.6.11\variants\arduino_due_x/libsam_sam3x8e_gcc_rel.a(uotghs_device.o)
                0x00081928                UDD_ClearOUT
 .text.UDD_ReceivedSetupInt
                0x00081940       0x10 C:\Code\Eclipse\eclipse\arduinoPlugin\packages\arduino\hardware\sam\1.6.11\variants\arduino_due_x/libsam_sam3x8e_gcc_rel.a(uotghs_device.o)
                0x00081940                UDD_ReceivedSetupInt
 .text.UDD_ClearSetupInt
                0x00081950       0x10 C:\Code\Eclipse\eclipse\arduinoPlugin\packages\arduino\hardware\sam\1.6.11\variants\arduino_due_x/libsam_sam3x8e_gcc_rel.a(uotghs_device.o)
                0x00081950                UDD_ClearSetupInt
 .text.UDD_Send
                0x00081960       0x88 C:\Code\Eclipse\eclipse\arduinoPlugin\packages\arduino\hardware\sam\1.6.11\variants\arduino_due_x/libsam_sam3x8e_gcc_rel.a(uotghs_device.o)
                0x00081960                UDD_Send
 .text.UDD_Send8
                0x000819e8       0x24 C:\Code\Eclipse\eclipse\arduinoPlugin\packages\arduino\hardware\sam\1.6.11\variants\arduino_due_x/libsam_sam3x8e_gcc_rel.a(uotghs_device.o)
                0x000819e8                UDD_Send8
 .text.UDD_Recv8
                0x00081a0c       0x28 C:\Code\Eclipse\eclipse\arduinoPlugin\packages\arduino\hardware\sam\1.6.11\variants\arduino_due_x/libsam_sam3x8e_gcc_rel.a(uotghs_device.o)
                0x00081a0c                UDD_Recv8
 .text.UDD_Recv
                0x00081a34       0x34 C:\Code\Eclipse\eclipse\arduinoPlugin\packages\arduino\hardware\sam\1.6.11\variants\arduino_due_x/libsam_sam3x8e_gcc_rel.a(uotghs_device.o)
                0x00081a34                UDD_Recv
 .text.UDD_Stall
                0x00081a68       0x14 C:\Code\Eclipse\eclipse\arduinoPlugin\packages\arduino\hardware\sam\1.6.11\variants\arduino_due_x/libsam_sam3x8e_gcc_rel.a(uotghs_device.o)
                0x00081a68                UDD_Stall
 .text.UDD_FifoByteCount
                0x00081a7c       0x14 C:\Code\Eclipse\eclipse\arduinoPlugin\packages\arduino\hardware\sam\1.6.11\variants\arduino_due_x/libsam_sam3x8e_gcc_rel.a(uotghs_device.o)
                0x00081a7c                UDD_FifoByteCount
 .text.UDD_ReleaseRX
                0x00081a90       0x28 C:\Code\Eclipse\eclipse\arduinoPlugin\packages\arduino\hardware\sam\1.6.11\variants\arduino_due_x/libsam_sam3x8e_gcc_rel.a(uotghs_device.o)
                0x00081a90                UDD_ReleaseRX
 .text.UDD_ReleaseTX
                0x00081ab8       0x28 C:\Code\Eclipse\eclipse\arduinoPlugin\packages\arduino\hardware\sam\1.6.11\variants\arduino_due_x/libsam_sam3x8e_gcc_rel.a(uotghs_device.o)
                0x00081ab8                UDD_ReleaseTX
 .text.UDD_SetAddress
                0x00081ae0       0x20 C:\Code\Eclipse\eclipse\arduinoPlugin\packages\arduino\hardware\sam\1.6.11\variants\arduino_due_x/libsam_sam3x8e_gcc_rel.a(uotghs_device.o)
                0x00081ae0                UDD_SetAddress
 .text.__libc_init_array
                0x00081b00       0x50 c:/code/eclipse/eclipse/arduinoplugin/packages/arduino/tools/arm-none-eabi-gcc/4.8.3-2014q1/bin/../lib/gcc/arm-none-eabi/4.8.3/../../../../arm-none-eabi/lib/armv7-m\libg.a(lib_a-init.o)
                0x00081b00                __libc_init_array
 .text.iprintf  0x00081b50       0x28 c:/code/eclipse/eclipse/arduinoplugin/packages/arduino/tools/arm-none-eabi-gcc/4.8.3-2014q1/bin/../lib/gcc/arm-none-eabi/4.8.3/../../../../arm-none-eabi/lib/armv7-m\libg.a(lib_a-iprintf.o)
                0x00081b50                iprintf
 .text.malloc   0x00081b78       0x10 c:/code/eclipse/eclipse/arduinoplugin/packages/arduino/tools/arm-none-eabi-gcc/4.8.3-2014q1/bin/../lib/gcc/arm-none-eabi/4.8.3/../../../../arm-none-eabi/lib/armv7-m\libg.a(lib_a-malloc.o)
                0x00081b78                malloc
 .text._malloc_r
                0x00081b88      0x538 c:/code/eclipse/eclipse/arduinoplugin/packages/arduino/tools/arm-none-eabi-gcc/4.8.3-2014q1/bin/../lib/gcc/arm-none-eabi/4.8.3/../../../../arm-none-eabi/lib/armv7-m\libg.a(lib_a-mallocr.o)
                0x00081b88                _malloc_r
 .text.memset   0x000820c0       0x94 c:/code/eclipse/eclipse/arduinoplugin/packages/arduino/tools/arm-none-eabi-gcc/4.8.3-2014q1/bin/../lib/gcc/arm-none-eabi/4.8.3/../../../../arm-none-eabi/lib/armv7-m\libg.a(lib_a-memset.o)
                0x000820c0                memset
 .text.__malloc_lock
                0x00082154        0x4 c:/code/eclipse/eclipse/arduinoplugin/packages/arduino/tools/arm-none-eabi-gcc/4.8.3-2014q1/bin/../lib/gcc/arm-none-eabi/4.8.3/../../../../arm-none-eabi/lib/armv7-m\libg.a(lib_a-mlock.o)
                0x00082154                __malloc_lock
 .text.__malloc_unlock
                0x00082158        0x4 c:/code/eclipse/eclipse/arduinoplugin/packages/arduino/tools/arm-none-eabi-gcc/4.8.3-2014q1/bin/../lib/gcc/arm-none-eabi/4.8.3/../../../../arm-none-eabi/lib/armv7-m\libg.a(lib_a-mlock.o)
                0x00082158                __malloc_unlock
 .text._sbrk_r  0x0008215c       0x24 c:/code/eclipse/eclipse/arduinoplugin/packages/arduino/tools/arm-none-eabi-gcc/4.8.3-2014q1/bin/../lib/gcc/arm-none-eabi/4.8.3/../../../../arm-none-eabi/lib/armv7-m\libg.a(lib_a-sbrkr.o)
                0x0008215c                _sbrk_r
 .text.strlen   0x00082180       0x60 c:/code/eclipse/eclipse/arduinoplugin/packages/arduino/tools/arm-none-eabi-gcc/4.8.3-2014q1/bin/../lib/gcc/arm-none-eabi/4.8.3/../../../../arm-none-eabi/lib/armv7-m\libg.a(lib_a-strlen.o)
                0x00082180                strlen
 .text.kill     0x000821e0       0x10 c:/code/eclipse/eclipse/arduinoplugin/packages/arduino/tools/arm-none-eabi-gcc/4.8.3-2014q1/bin/../lib/gcc/arm-none-eabi/4.8.3/../../../../arm-none-eabi/lib/armv7-m\libg.a(lib_a-syskill.o)
                0x000821e0                kill
 .text.__sprint_r.part.0
                0x000821f0       0x78 c:/code/eclipse/eclipse/arduinoplugin/packages/arduino/tools/arm-none-eabi-gcc/4.8.3-2014q1/bin/../lib/gcc/arm-none-eabi/4.8.3/../../../../arm-none-eabi/lib/armv7-m\libg.a(lib_a-vfiprintf.o)
 .text._vfiprintf_r
                0x00082268      0xc54 c:/code/eclipse/eclipse/arduinoplugin/packages/arduino/tools/arm-none-eabi-gcc/4.8.3-2014q1/bin/../lib/gcc/arm-none-eabi/4.8.3/../../../../arm-none-eabi/lib/armv7-m\libg.a(lib_a-vfiprintf.o)
                0x00082268                _vfiprintf_r
 .text.__sbprintf
                0x00082ebc       0x7c c:/code/eclipse/eclipse/arduinoplugin/packages/arduino/tools/arm-none-eabi-gcc/4.8.3-2014q1/bin/../lib/gcc/arm-none-eabi/4.8.3/../../../../arm-none-eabi/lib/armv7-m\libg.a(lib_a-vfiprintf.o)
 .text.__swsetup_r
                0x00082f38       0xc4 c:/code/eclipse/eclipse/arduinoplugin/packages/arduino/tools/arm-none-eabi-gcc/4.8.3-2014q1/bin/../lib/gcc/arm-none-eabi/4.8.3/../../../../arm-none-eabi/lib/armv7-m\libg.a(lib_a-wsetup.o)
                0x00082f38                __swsetup_r
 .text.startup.register_fini
                0x00082ffc       0x14 c:/code/eclipse/eclipse/arduinoplugin/packages/arduino/tools/arm-none-eabi-gcc/4.8.3-2014q1/bin/../lib/gcc/arm-none-eabi/4.8.3/../../../../arm-none-eabi/lib/armv7-m\libg.a(lib_a-__call_atexit.o)
 .text.atexit   0x00083010        0xc c:/code/eclipse/eclipse/arduinoplugin/packages/arduino/tools/arm-none-eabi-gcc/4.8.3-2014q1/bin/../lib/gcc/arm-none-eabi/4.8.3/../../../../arm-none-eabi/lib/armv7-m\libg.a(lib_a-atexit.o)
                0x00083010                atexit
 .text.__sflush_r
                0x0008301c      0x148 c:/code/eclipse/eclipse/arduinoplugin/packages/arduino/tools/arm-none-eabi-gcc/4.8.3-2014q1/bin/../lib/gcc/arm-none-eabi/4.8.3/../../../../arm-none-eabi/lib/armv7-m\libg.a(lib_a-fflush.o)
                0x0008301c                __sflush_r
 .text._fflush_r
                0x00083164       0x2c c:/code/eclipse/eclipse/arduinoplugin/packages/arduino/tools/arm-none-eabi-gcc/4.8.3-2014q1/bin/../lib/gcc/arm-none-eabi/4.8.3/../../../../arm-none-eabi/lib/armv7-m\libg.a(lib_a-fflush.o)
                0x00083164                _fflush_r
 .text._cleanup_r
                0x00083190        0xc c:/code/eclipse/eclipse/arduinoplugin/packages/arduino/tools/arm-none-eabi-gcc/4.8.3-2014q1/bin/../lib/gcc/arm-none-eabi/4.8.3/../../../../arm-none-eabi/lib/armv7-m\libg.a(lib_a-findfp.o)
                0x00083190                _cleanup_r
 .text.__sinit  0x0008319c       0xf4 c:/code/eclipse/eclipse/arduinoplugin/packages/arduino/tools/arm-none-eabi-gcc/4.8.3-2014q1/bin/../lib/gcc/arm-none-eabi/4.8.3/../../../../arm-none-eabi/lib/armv7-m\libg.a(lib_a-findfp.o)
                0x0008319c                __sinit
 .text.__sfp_lock_acquire
                0x00083290        0x4 c:/code/eclipse/eclipse/arduinoplugin/packages/arduino/tools/arm-none-eabi-gcc/4.8.3-2014q1/bin/../lib/gcc/arm-none-eabi/4.8.3/../../../../arm-none-eabi/lib/armv7-m\libg.a(lib_a-findfp.o)
                0x00083290                __sfp_lock_acquire
 .text.__sfp_lock_release
                0x00083294        0x4 c:/code/eclipse/eclipse/arduinoplugin/packages/arduino/tools/arm-none-eabi-gcc/4.8.3-2014q1/bin/../lib/gcc/arm-none-eabi/4.8.3/../../../../arm-none-eabi/lib/armv7-m\libg.a(lib_a-findfp.o)
                0x00083294                __sfp_lock_release
 .text.__libc_fini_array
                0x00083298       0x30 c:/code/eclipse/eclipse/arduinoplugin/packages/arduino/tools/arm-none-eabi-gcc/4.8.3-2014q1/bin/../lib/gcc/arm-none-eabi/4.8.3/../../../../arm-none-eabi/lib/armv7-m\libg.a(lib_a-fini.o)
                0x00083298                __libc_fini_array
 .text._fputwc_r
                0x000832c8       0xc0 c:/code/eclipse/eclipse/arduinoplugin/packages/arduino/tools/arm-none-eabi-gcc/4.8.3-2014q1/bin/../lib/gcc/arm-none-eabi/4.8.3/../../../../arm-none-eabi/lib/armv7-m\libg.a(lib_a-fputwc.o)
                0x000832c8                _fputwc_r
 .text._malloc_trim_r
                0x00083388       0x9c c:/code/eclipse/eclipse/arduinoplugin/packages/arduino/tools/arm-none-eabi-gcc/4.8.3-2014q1/bin/../lib/gcc/arm-none-eabi/4.8.3/../../../../arm-none-eabi/lib/armv7-m\libg.a(lib_a-freer.o)
                0x00083388                _malloc_trim_r
 .text._free_r  0x00083424      0x198 c:/code/eclipse/eclipse/arduinoplugin/packages/arduino/tools/arm-none-eabi-gcc/4.8.3-2014q1/bin/../lib/gcc/arm-none-eabi/4.8.3/../../../../arm-none-eabi/lib/armv7-m\libg.a(lib_a-freer.o)
                0x00083424                _free_r
 .text.__sfvwrite_r
                0x000835bc      0x314 c:/code/eclipse/eclipse/arduinoplugin/packages/arduino/tools/arm-none-eabi-gcc/4.8.3-2014q1/bin/../lib/gcc/arm-none-eabi/4.8.3/../../../../arm-none-eabi/lib/armv7-m\libg.a(lib_a-fvwrite.o)
                0x000835bc                __sfvwrite_r
 .text._fwalk   0x000838d0       0x48 c:/code/eclipse/eclipse/arduinoplugin/packages/arduino/tools/arm-none-eabi-gcc/4.8.3-2014q1/bin/../lib/gcc/arm-none-eabi/4.8.3/../../../../arm-none-eabi/lib/armv7-m\libg.a(lib_a-fwalk.o)
                0x000838d0                _fwalk
 .text.__locale_charset
                0x00083918        0x8 c:/code/eclipse/eclipse/arduinoplugin/packages/arduino/tools/arm-none-eabi-gcc/4.8.3-2014q1/bin/../lib/gcc/arm-none-eabi/4.8.3/../../../../arm-none-eabi/lib/armv7-m\libg.a(lib_a-locale.o)
                0x00083918                __locale_charset
 .text.__locale_mb_cur_max
                0x00083920        0xc c:/code/eclipse/eclipse/arduinoplugin/packages/arduino/tools/arm-none-eabi-gcc/4.8.3-2014q1/bin/../lib/gcc/arm-none-eabi/4.8.3/../../../../arm-none-eabi/lib/armv7-m\libg.a(lib_a-locale.o)
                0x00083920                __locale_mb_cur_max
 .text.__smakebuf_r
                0x0008392c       0xe0 c:/code/eclipse/eclipse/arduinoplugin/packages/arduino/tools/arm-none-eabi-gcc/4.8.3-2014q1/bin/../lib/gcc/arm-none-eabi/4.8.3/../../../../arm-none-eabi/lib/armv7-m\libg.a(lib_a-makebuf.o)
                0x0008392c                __smakebuf_r
 .text.memchr   0x00083a0c       0x94 c:/code/eclipse/eclipse/arduinoplugin/packages/arduino/tools/arm-none-eabi-gcc/4.8.3-2014q1/bin/../lib/gcc/arm-none-eabi/4.8.3/../../../../arm-none-eabi/lib/armv7-m\libg.a(lib_a-memchr-stub.o)
                0x00083a0c                memchr
 .text          0x00083aa0       0xec c:/code/eclipse/eclipse/arduinoplugin/packages/arduino/tools/arm-none-eabi-gcc/4.8.3-2014q1/bin/../lib/gcc/arm-none-eabi/4.8.3/../../../../arm-none-eabi/lib/armv7-m\libg.a(lib_a-memcpy.o)
                0x00083aa0                memcpy
 .text.memmove  0x00083b8c       0xcc c:/code/eclipse/eclipse/arduinoplugin/packages/arduino/tools/arm-none-eabi-gcc/4.8.3-2014q1/bin/../lib/gcc/arm-none-eabi/4.8.3/../../../../arm-none-eabi/lib/armv7-m\libg.a(lib_a-memmove.o)
                0x00083b8c                memmove
 .text._realloc_r
                0x00083c58      0x3c0 c:/code/eclipse/eclipse/arduinoplugin/packages/arduino/tools/arm-none-eabi-gcc/4.8.3-2014q1/bin/../lib/gcc/arm-none-eabi/4.8.3/../../../../arm-none-eabi/lib/armv7-m\libg.a(lib_a-reallocr.o)
                0x00083c58                _realloc_r
 .text._kill_r  0x00084018       0x28 c:/code/eclipse/eclipse/arduinoplugin/packages/arduino/tools/arm-none-eabi-gcc/4.8.3-2014q1/bin/../lib/gcc/arm-none-eabi/4.8.3/../../../../arm-none-eabi/lib/armv7-m\libg.a(lib_a-signalr.o)
                0x00084018                _kill_r
 .text.__sread  0x00084040       0x24 c:/code/eclipse/eclipse/arduinoplugin/packages/arduino/tools/arm-none-eabi-gcc/4.8.3-2014q1/bin/../lib/gcc/arm-none-eabi/4.8.3/../../../../arm-none-eabi/lib/armv7-m\libg.a(lib_a-stdio.o)
                0x00084040                __sread
 .text.__swrite
                0x00084064       0x38 c:/code/eclipse/eclipse/arduinoplugin/packages/arduino/tools/arm-none-eabi-gcc/4.8.3-2014q1/bin/../lib/gcc/arm-none-eabi/4.8.3/../../../../arm-none-eabi/lib/armv7-m\libg.a(lib_a-stdio.o)
                0x00084064                __swrite
 .text.__sseek  0x0008409c       0x20 c:/code/eclipse/eclipse/arduinoplugin/packages/arduino/tools/arm-none-eabi-gcc/4.8.3-2014q1/bin/../lib/gcc/arm-none-eabi/4.8.3/../../../../arm-none-eabi/lib/armv7-m\libg.a(lib_a-stdio.o)
                0x0008409c                __sseek
 .text.__sclose
                0x000840bc        0x8 c:/code/eclipse/eclipse/arduinoplugin/packages/arduino/tools/arm-none-eabi-gcc/4.8.3-2014q1/bin/../lib/gcc/arm-none-eabi/4.8.3/../../../../arm-none-eabi/lib/armv7-m\libg.a(lib_a-stdio.o)
                0x000840bc                __sclose
 .text.__swbuf_r
                0x000840c4       0xa8 c:/code/eclipse/eclipse/arduinoplugin/packages/arduino/tools/arm-none-eabi-gcc/4.8.3-2014q1/bin/../lib/gcc/arm-none-eabi/4.8.3/../../../../arm-none-eabi/lib/armv7-m\libg.a(lib_a-wbuf.o)
                0x000840c4                __swbuf_r
 .text._wcrtomb_r
                0x0008416c       0x50 c:/code/eclipse/eclipse/arduinoplugin/packages/arduino/tools/arm-none-eabi-gcc/4.8.3-2014q1/bin/../lib/gcc/arm-none-eabi/4.8.3/../../../../arm-none-eabi/lib/armv7-m\libg.a(lib_a-wcrtomb.o)
                0x0008416c                _wcrtomb_r
 .text.__ascii_wctomb
                0x000841bc       0x1c c:/code/eclipse/eclipse/arduinoplugin/packages/arduino/tools/arm-none-eabi-gcc/4.8.3-2014q1/bin/../lib/gcc/arm-none-eabi/4.8.3/../../../../arm-none-eabi/lib/armv7-m\libg.a(lib_a-wctomb_r.o)
                0x000841bc                __ascii_wctomb
 .text._write_r
                0x000841d8       0x28 c:/code/eclipse/eclipse/arduinoplugin/packages/arduino/tools/arm-none-eabi-gcc/4.8.3-2014q1/bin/../lib/gcc/arm-none-eabi/4.8.3/../../../../arm-none-eabi/lib/armv7-m\libg.a(lib_a-writer.o)
                0x000841d8                _write_r
 .text.__register_exitproc
                0x00084200       0xa8 c:/code/eclipse/eclipse/arduinoplugin/packages/arduino/tools/arm-none-eabi-gcc/4.8.3-2014q1/bin/../lib/gcc/arm-none-eabi/4.8.3/../../../../arm-none-eabi/lib/armv7-m\libg.a(lib_a-__atexit.o)
                0x00084200                __register_exitproc
 .text._close_r
                0x000842a8       0x24 c:/code/eclipse/eclipse/arduinoplugin/packages/arduino/tools/arm-none-eabi-gcc/4.8.3-2014q1/bin/../lib/gcc/arm-none-eabi/4.8.3/../../../../arm-none-eabi/lib/armv7-m\libg.a(lib_a-closer.o)
                0x000842a8                _close_r
 .text._fclose_r
                0x000842cc       0x80 c:/code/eclipse/eclipse/arduinoplugin/packages/arduino/tools/arm-none-eabi-gcc/4.8.3-2014q1/bin/../lib/gcc/arm-none-eabi/4.8.3/../../../../arm-none-eabi/lib/armv7-m\libg.a(lib_a-fclose.o)
                0x000842cc                _fclose_r
 .text.fclose   0x0008434c       0x10 c:/code/eclipse/eclipse/arduinoplugin/packages/arduino/tools/arm-none-eabi-gcc/4.8.3-2014q1/bin/../lib/gcc/arm-none-eabi/4.8.3/../../../../arm-none-eabi/lib/armv7-m\libg.a(lib_a-fclose.o)
                0x0008434c                fclose
 .text._fstat_r
                0x0008435c       0x28 c:/code/eclipse/eclipse/arduinoplugin/packages/arduino/tools/arm-none-eabi-gcc/4.8.3-2014q1/bin/../lib/gcc/arm-none-eabi/4.8.3/../../../../arm-none-eabi/lib/armv7-m\libg.a(lib_a-fstatr.o)
                0x0008435c                _fstat_r
 .text._isatty_r
                0x00084384       0x24 c:/code/eclipse/eclipse/arduinoplugin/packages/arduino/tools/arm-none-eabi-gcc/4.8.3-2014q1/bin/../lib/gcc/arm-none-eabi/4.8.3/../../../../arm-none-eabi/lib/armv7-m\libg.a(lib_a-isattyr.o)
                0x00084384                _isatty_r
 .text._lseek_r
                0x000843a8       0x28 c:/code/eclipse/eclipse/arduinoplugin/packages/arduino/tools/arm-none-eabi-gcc/4.8.3-2014q1/bin/../lib/gcc/arm-none-eabi/4.8.3/../../../../arm-none-eabi/lib/armv7-m\libg.a(lib_a-lseekr.o)
                0x000843a8                _lseek_r
 .text._read_r  0x000843d0       0x28 c:/code/eclipse/eclipse/arduinoplugin/packages/arduino/tools/arm-none-eabi-gcc/4.8.3-2014q1/bin/../lib/gcc/arm-none-eabi/4.8.3/../../../../arm-none-eabi/lib/armv7-m\libg.a(lib_a-readr.o)
                0x000843d0                _read_r
 .text          0x000843f8       0x2c c:/code/eclipse/eclipse/arduinoplugin/packages/arduino/tools/arm-none-eabi-gcc/4.8.3-2014q1/bin/../lib/gcc/arm-none-eabi/4.8.3/armv7-m\libgcc.a(_aeabi_uldivmod.o)
                0x000843f8                __aeabi_uldivmod
 .text          0x00084424       0x60 c:/code/eclipse/eclipse/arduinoplugin/packages/arduino/tools/arm-none-eabi-gcc/4.8.3-2014q1/bin/../lib/gcc/arm-none-eabi/4.8.3/armv7-m\libgcc.a(bpabi.o)
                0x00084424                __gnu_ldivmod_helper
                0x00084454                __gnu_uldivmod_helper
 .text          0x00084484        0x4 c:/code/eclipse/eclipse/arduinoplugin/packages/arduino/tools/arm-none-eabi-gcc/4.8.3-2014q1/bin/../lib/gcc/arm-none-eabi/4.8.3/armv7-m\libgcc.a(_dvmd_tls.o)
                0x00084484                __aeabi_idiv0
                0x00084484                __aeabi_ldiv0
 .text          0x00084488      0x2a0 c:/code/eclipse/eclipse/arduinoplugin/packages/arduino/tools/arm-none-eabi-gcc/4.8.3-2014q1/bin/../lib/gcc/arm-none-eabi/4.8.3/armv7-m\libgcc.a(_divdi3.o)
                0x00084488                __divdi3
 .text          0x00084728      0x290 c:/code/eclipse/eclipse/arduinoplugin/packages/arduino/tools/arm-none-eabi-gcc/4.8.3-2014q1/bin/../lib/gcc/arm-none-eabi/4.8.3/armv7-m\libgcc.a(_udivdi3.o)
                0x00084728                __udivdi3
 *(.glue_7t)
 .glue_7t       0x00000000        0x0 linker stubs
 *(.glue_7)
 .glue_7        0x00000000        0x0 linker stubs
 *(.rodata .rodata* .gnu.linkonce.r.*)
 .rodata.g_APinDescription
                0x000849b8      0xa2c D:/Github/CCTVal/CCTVal_Steppers/Firmware/Steppers_v_1_0/Release/arduino.ar(variant.cpp.o)
                0x000849b8                g_APinDescription
 *fill*         0x000853e4        0x4 
 .rodata._ZTV9UARTClass
                0x000853e8       0x30 D:/Github/CCTVal/CCTVal_Steppers/Firmware/Steppers_v_1_0/Release/arduino.ar(UARTClass.cpp.o)
                0x000853e8                vtable for UARTClass
 .rodata._ZTV10USARTClass
                0x00085418       0x30 D:/Github/CCTVal/CCTVal_Steppers/Firmware/Steppers_v_1_0/Release/arduino.ar(USARTClass.cpp.o)
                0x00085418                vtable for USARTClass
 .rodata.str1.1
                0x00085448       0x19 D:/Github/CCTVal/CCTVal_Steppers/Firmware/Steppers_v_1_0/Release/arduino.ar(syscalls_sam3.c.o)
 .rodata.STRING_PRODUCT
                0x00085461        0xc D:/Github/CCTVal/CCTVal_Steppers/Firmware/Steppers_v_1_0/Release/arduino.ar(USBCore.cpp.o)
                0x00085461                STRING_PRODUCT
 .rodata.USB_DeviceDescriptor
                0x0008546d       0x12 D:/Github/CCTVal/CCTVal_Steppers/Firmware/Steppers_v_1_0/Release/arduino.ar(USBCore.cpp.o)
                0x0008546d                USB_DeviceDescriptor
 *fill*         0x0008547f        0x1 
 .rodata.STRING_LANGUAGE
                0x00085480        0x4 D:/Github/CCTVal/CCTVal_Steppers/Firmware/Steppers_v_1_0/Release/arduino.ar(USBCore.cpp.o)
                0x00085480                STRING_LANGUAGE
 .rodata._ZL18test_packet_buffer
                0x00085484       0x35 D:/Github/CCTVal/CCTVal_Steppers/Firmware/Steppers_v_1_0/Release/arduino.ar(USBCore.cpp.o)
 .rodata.STRING_MANUFACTURER
                0x000854b9        0xc D:/Github/CCTVal/CCTVal_Steppers/Firmware/Steppers_v_1_0/Release/arduino.ar(USBCore.cpp.o)
                0x000854b9                STRING_MANUFACTURER
 .rodata.USB_DeviceDescriptorA
                0x000854c5       0x12 D:/Github/CCTVal/CCTVal_Steppers/Firmware/Steppers_v_1_0/Release/arduino.ar(USBCore.cpp.o)
                0x000854c5                USB_DeviceDescriptorA
 .rodata._ZL19USB_DeviceQualifier
                0x000854d7        0x9 D:/Github/CCTVal/CCTVal_Steppers/Firmware/Steppers_v_1_0/Release/arduino.ar(USBCore.cpp.o)
 .rodata._ZTV7Serial_
                0x000854e0       0x28 D:/Github/CCTVal/CCTVal_Steppers/Firmware/Steppers_v_1_0/Release/arduino.ar(CDC.cpp.o)
                0x000854e0                vtable for Serial_
 .rodata._ZL18_cdcOtherInterface
                0x00085508       0x42 D:/Github/CCTVal/CCTVal_Steppers/Firmware/Steppers_v_1_0/Release/arduino.ar(CDC.cpp.o)
 .rodata._ZL13_cdcInterface
                0x0008554a       0x42 D:/Github/CCTVal/CCTVal_Steppers/Firmware/Steppers_v_1_0/Release/arduino.ar(CDC.cpp.o)
 .rodata        0x0008558c       0x40 C:\Code\Eclipse\eclipse\arduinoPlugin\packages\arduino\hardware\sam\1.6.11\variants\arduino_due_x/libsam_sam3x8e_gcc_rel.a(adc.o)
 .rodata.str1.4
                0x000855cc        0x2 c:/code/eclipse/eclipse/arduinoplugin/packages/arduino/tools/arm-none-eabi-gcc/4.8.3-2014q1/bin/../lib/gcc/arm-none-eabi/4.8.3/../../../../arm-none-eabi/lib/armv7-m\libg.a(lib_a-impure.o)
                                  0x4 (size before relaxing)
 *fill*         0x000855ce        0x2 
 .rodata._global_impure_ptr
                0x000855d0        0x4 c:/code/eclipse/eclipse/arduinoplugin/packages/arduino/tools/arm-none-eabi-gcc/4.8.3-2014q1/bin/../lib/gcc/arm-none-eabi/4.8.3/../../../../arm-none-eabi/lib/armv7-m\libg.a(lib_a-impure.o)
                0x000855d0                _global_impure_ptr
 .rodata.blanks.6717
                0x000855d4       0x10 c:/code/eclipse/eclipse/arduinoplugin/packages/arduino/tools/arm-none-eabi-gcc/4.8.3-2014q1/bin/../lib/gcc/arm-none-eabi/4.8.3/../../../../arm-none-eabi/lib/armv7-m\libg.a(lib_a-vfiprintf.o)
 .rodata.str1.4
                0x000855e4       0x30 c:/code/eclipse/eclipse/arduinoplugin/packages/arduino/tools/arm-none-eabi-gcc/4.8.3-2014q1/bin/../lib/gcc/arm-none-eabi/4.8.3/../../../../arm-none-eabi/lib/armv7-m\libg.a(lib_a-vfiprintf.o)
 .rodata.zeroes.6718
                0x00085614       0x10 c:/code/eclipse/eclipse/arduinoplugin/packages/arduino/tools/arm-none-eabi-gcc/4.8.3-2014q1/bin/../lib/gcc/arm-none-eabi/4.8.3/../../../../arm-none-eabi/lib/armv7-m\libg.a(lib_a-vfiprintf.o)
 *(.ARM.extab* .gnu.linkonce.armextab.*)
                0x00085624                . = ALIGN (0x4)
 *(.init)
 .init          0x00085624        0x4 c:/code/eclipse/eclipse/arduinoplugin/packages/arduino/tools/arm-none-eabi-gcc/4.8.3-2014q1/bin/../lib/gcc/arm-none-eabi/4.8.3/armv7-m/crti.o
                0x00085624                _init
 .init          0x00085628        0x8 c:/code/eclipse/eclipse/arduinoplugin/packages/arduino/tools/arm-none-eabi-gcc/4.8.3-2014q1/bin/../lib/gcc/arm-none-eabi/4.8.3/armv7-m/crtn.o
                0x00085630                . = ALIGN (0x4)
                0x00085630                __preinit_array_start = .
 *(.preinit_array)
                0x00085630                __preinit_array_end = .
                0x00085630                . = ALIGN (0x4)
                0x00085630                __init_array_start = .
 *(SORT(.init_array.*))
 .init_array.00000
                0x00085630        0x4 c:/code/eclipse/eclipse/arduinoplugin/packages/arduino/tools/arm-none-eabi-gcc/4.8.3-2014q1/bin/../lib/gcc/arm-none-eabi/4.8.3/../../../../arm-none-eabi/lib/armv7-m\libg.a(lib_a-__call_atexit.o)
 *(.init_array)
 .init_array    0x00085634        0x4 c:/code/eclipse/eclipse/arduinoplugin/packages/arduino/tools/arm-none-eabi-gcc/4.8.3-2014q1/bin/../lib/gcc/arm-none-eabi/4.8.3/armv7-m/crtbegin.o
 .init_array    0x00085638        0x4 D:/Github/CCTVal/CCTVal_Steppers/Firmware/Steppers_v_1_0/Release/arduino.ar(variant.cpp.o)
 .init_array    0x0008563c        0x4 D:/Github/CCTVal/CCTVal_Steppers/Firmware/Steppers_v_1_0/Release/arduino.ar(USBCore.cpp.o)
 .init_array    0x00085640        0x4 D:/Github/CCTVal/CCTVal_Steppers/Firmware/Steppers_v_1_0/Release/arduino.ar(CDC.cpp.o)
                0x00085644                __init_array_end = .
                0x00085644                . = ALIGN (0x4)
 *crtbegin.o(.ctors)
 *(EXCLUDE_FILE(*crtend.o) .ctors)
 *(SORT(.ctors.*))
 *crtend.o(.ctors)
                0x00085644                . = ALIGN (0x4)
 *(.fini)
 .fini          0x00085644        0x4 c:/code/eclipse/eclipse/arduinoplugin/packages/arduino/tools/arm-none-eabi-gcc/4.8.3-2014q1/bin/../lib/gcc/arm-none-eabi/4.8.3/armv7-m/crti.o
                0x00085644                _fini
 .fini          0x00085648        0x8 c:/code/eclipse/eclipse/arduinoplugin/packages/arduino/tools/arm-none-eabi-gcc/4.8.3-2014q1/bin/../lib/gcc/arm-none-eabi/4.8.3/armv7-m/crtn.o
                0x00085650                . = ALIGN (0x4)
                0x00085650                __fini_array_start = .
 *(.fini_array)
 .fini_array    0x00085650        0x4 c:/code/eclipse/eclipse/arduinoplugin/packages/arduino/tools/arm-none-eabi-gcc/4.8.3-2014q1/bin/../lib/gcc/arm-none-eabi/4.8.3/armv7-m/crtbegin.o
 *(SORT(.fini_array.*))
                0x00085654                __fini_array_end = .
 *crtbegin.o(.dtors)
 *(EXCLUDE_FILE(*crtend.o) .dtors)
 *(SORT(.dtors.*))
 *crtend.o(.dtors)
                0x00085654                . = ALIGN (0x4)
                0x00085654                _efixed = .
                0x00085654                PROVIDE (__exidx_start, .)

.vfp11_veneer   0x00085654        0x0
 .vfp11_veneer  0x00000000        0x0 linker stubs

.v4_bx          0x00085654        0x0
 .v4_bx         0x00000000        0x0 linker stubs

.iplt           0x00085654        0x0
 .iplt          0x00000000        0x0 c:/code/eclipse/eclipse/arduinoplugin/packages/arduino/tools/arm-none-eabi-gcc/4.8.3-2014q1/bin/../lib/gcc/arm-none-eabi/4.8.3/armv7-m/crtbegin.o

.ARM.exidx      0x00085654        0x8
 *(.ARM.exidx* .gnu.linkonce.armexidx.*)
 .ARM.exidx     0x00085654        0x8 c:/code/eclipse/eclipse/arduinoplugin/packages/arduino/tools/arm-none-eabi-gcc/4.8.3-2014q1/bin/../lib/gcc/arm-none-eabi/4.8.3/armv7-m\libgcc.a(_divdi3.o)
 .ARM.exidx     0x0008565c        0x0 c:/code/eclipse/eclipse/arduinoplugin/packages/arduino/tools/arm-none-eabi-gcc/4.8.3-2014q1/bin/../lib/gcc/arm-none-eabi/4.8.3/armv7-m\libgcc.a(_udivdi3.o)
                                  0x8 (size before relaxing)
                0x0008565c                PROVIDE (__exidx_end, .)

.eh_frame       0x0008565c        0x0
 .eh_frame      0x0008565c        0x0 c:/code/eclipse/eclipse/arduinoplugin/packages/arduino/tools/arm-none-eabi-gcc/4.8.3-2014q1/bin/../lib/gcc/arm-none-eabi/4.8.3/armv7-m/crtbegin.o

.rel.dyn        0x0008565c        0x0
 .rel.iplt      0x00000000        0x0 c:/code/eclipse/eclipse/arduinoplugin/packages/arduino/tools/arm-none-eabi-gcc/4.8.3-2014q1/bin/../lib/gcc/arm-none-eabi/4.8.3/armv7-m/crtbegin.o

.jcr            0x0008565c        0x0
 .jcr           0x0008565c        0x0 c:/code/eclipse/eclipse/arduinoplugin/packages/arduino/tools/arm-none-eabi-gcc/4.8.3-2014q1/bin/../lib/gcc/arm-none-eabi/4.8.3/armv7-m/crtbegin.o

.igot.plt       0x0008565c        0x0
 .igot.plt      0x00000000        0x0 c:/code/eclipse/eclipse/arduinoplugin/packages/arduino/tools/arm-none-eabi-gcc/4.8.3-2014q1/bin/../lib/gcc/arm-none-eabi/4.8.3/armv7-m/crtbegin.o
                0x0008565c                . = ALIGN (0x4)
                0x0008565c                _etext = .

.relocate       0x20070000      0x8d4 load address 0x0008565c
                0x20070000                . = ALIGN (0x4)
                0x20070000                _srelocate = .
 *(.ramfunc .ramfunc.*)
 .ramfunc       0x20070000       0x2c D:/Github/CCTVal/CCTVal_Steppers/Firmware/Steppers_v_1_0/Release/arduino.ar(Reset.cpp.o)
                0x20070000                banzai
 *(.data .data.*)
 .data.EndPoints
                0x2007002c       0x28 D:/Github/CCTVal/CCTVal_Steppers/Firmware/Steppers_v_1_0/Release/arduino.ar(USBCore.cpp.o)
                0x2007002c                EndPoints
 .data._ZL5ticks
                0x20070054        0x4 D:/Github/CCTVal/CCTVal_Steppers/Firmware/Steppers_v_1_0/Release/arduino.ar(Reset.cpp.o)
 .data._ZL10breakValue
                0x20070058        0x4 D:/Github/CCTVal/CCTVal_Steppers/Firmware/Steppers_v_1_0/Release/arduino.ar(CDC.cpp.o)
 .data._ZL12_usbLineInfo
                0x2007005c        0x8 D:/Github/CCTVal/CCTVal_Steppers/Firmware/Steppers_v_1_0/Release/arduino.ar(CDC.cpp.o)
 .data.SystemCoreClock
                0x20070064        0x4 C:\Code\Eclipse\eclipse\arduinoPlugin\packages\arduino\hardware\sam\1.6.11\variants\arduino_due_x/libsam_sam3x8e_gcc_rel.a(system_sam3xa.o)
                0x20070064                SystemCoreClock
 .data.g_interrupt_enabled
                0x20070068        0x4 C:\Code\Eclipse\eclipse\arduinoPlugin\packages\arduino\hardware\sam\1.6.11\variants\arduino_due_x/libsam_sam3x8e_gcc_rel.a(interrupt_sam_nvic.o)
                0x20070068                g_interrupt_enabled
 *fill*         0x2007006c        0x4 
 .data.impure_data
                0x20070070      0x428 c:/code/eclipse/eclipse/arduinoplugin/packages/arduino/tools/arm-none-eabi-gcc/4.8.3-2014q1/bin/../lib/gcc/arm-none-eabi/4.8.3/../../../../arm-none-eabi/lib/armv7-m\libg.a(lib_a-impure.o)
 .data._impure_ptr
                0x20070498        0x4 c:/code/eclipse/eclipse/arduinoplugin/packages/arduino/tools/arm-none-eabi-gcc/4.8.3-2014q1/bin/../lib/gcc/arm-none-eabi/4.8.3/../../../../arm-none-eabi/lib/armv7-m\libg.a(lib_a-impure.o)
                0x20070498                _impure_ptr
 .data.__malloc_av_
                0x2007049c      0x408 c:/code/eclipse/eclipse/arduinoplugin/packages/arduino/tools/arm-none-eabi-gcc/4.8.3-2014q1/bin/../lib/gcc/arm-none-eabi/4.8.3/../../../../arm-none-eabi/lib/armv7-m\libg.a(lib_a-mallocr.o)
                0x2007049c                __malloc_av_
 .data.__malloc_trim_threshold
                0x200708a4        0x4 c:/code/eclipse/eclipse/arduinoplugin/packages/arduino/tools/arm-none-eabi-gcc/4.8.3-2014q1/bin/../lib/gcc/arm-none-eabi/4.8.3/../../../../arm-none-eabi/lib/armv7-m\libg.a(lib_a-mallocr.o)
                0x200708a4                __malloc_trim_threshold
 .data.__malloc_sbrk_base
                0x200708a8        0x4 c:/code/eclipse/eclipse/arduinoplugin/packages/arduino/tools/arm-none-eabi-gcc/4.8.3-2014q1/bin/../lib/gcc/arm-none-eabi/4.8.3/../../../../arm-none-eabi/lib/armv7-m\libg.a(lib_a-mallocr.o)
                0x200708a8                __malloc_sbrk_base
 .data.lc_ctype_charset
                0x200708ac       0x20 c:/code/eclipse/eclipse/arduinoplugin/packages/arduino/tools/arm-none-eabi-gcc/4.8.3-2014q1/bin/../lib/gcc/arm-none-eabi/4.8.3/../../../../arm-none-eabi/lib/armv7-m\libg.a(lib_a-locale.o)
 .data.__mb_cur_max
                0x200708cc        0x4 c:/code/eclipse/eclipse/arduinoplugin/packages/arduino/tools/arm-none-eabi-gcc/4.8.3-2014q1/bin/../lib/gcc/arm-none-eabi/4.8.3/../../../../arm-none-eabi/lib/armv7-m\libg.a(lib_a-locale.o)
                0x200708cc                __mb_cur_max
 .data.__wctomb
                0x200708d0        0x4 c:/code/eclipse/eclipse/arduinoplugin/packages/arduino/tools/arm-none-eabi-gcc/4.8.3-2014q1/bin/../lib/gcc/arm-none-eabi/4.8.3/../../../../arm-none-eabi/lib/armv7-m\libg.a(lib_a-wctomb_r.o)
                0x200708d0                __wctomb
                0x200708d4                . = ALIGN (0x4)
                0x200708d4                _erelocate = .

.bss            0x200708d4      0xa28 load address 0x00085f30
                0x200708d4                . = ALIGN (0x4)
                0x200708d4                _sbss = .
                0x200708d4                _szero = .
 *(.bss .bss.*)
 .bss           0x200708d4       0x1c c:/code/eclipse/eclipse/arduinoplugin/packages/arduino/tools/arm-none-eabi-gcc/4.8.3-2014q1/bin/../lib/gcc/arm-none-eabi/4.8.3/armv7-m/crtbegin.o
 .bss.gpf_isr   0x200708f0        0x4 C:\Code\Eclipse\eclipse\arduinoPlugin\packages\arduino\hardware\sam\1.6.11\variants\arduino_due_x/libsam_sam3x8e_gcc_rel.a(uotghs.o)
                0x200708f0                gpf_isr
 .bss.tx_buffer2
                0x200708f4       0x88 D:/Github/CCTVal/CCTVal_Steppers/Firmware/Steppers_v_1_0/Release/arduino.ar(variant.cpp.o)
                0x200708f4                tx_buffer2
 .bss.tx_buffer1
                0x2007097c       0x88 D:/Github/CCTVal/CCTVal_Steppers/Firmware/Steppers_v_1_0/Release/arduino.ar(variant.cpp.o)
                0x2007097c                tx_buffer1
 .bss.Serial    0x20070a04       0x24 D:/Github/CCTVal/CCTVal_Steppers/Firmware/Steppers_v_1_0/Release/arduino.ar(variant.cpp.o)
                0x20070a04                Serial
 .bss.rx_buffer1
                0x20070a28       0x88 D:/Github/CCTVal/CCTVal_Steppers/Firmware/Steppers_v_1_0/Release/arduino.ar(variant.cpp.o)
                0x20070a28                rx_buffer1
 .bss.Serial1   0x20070ab0       0x28 D:/Github/CCTVal/CCTVal_Steppers/Firmware/Steppers_v_1_0/Release/arduino.ar(variant.cpp.o)
                0x20070ab0                Serial1
 .bss.Serial2   0x20070ad8       0x28 D:/Github/CCTVal/CCTVal_Steppers/Firmware/Steppers_v_1_0/Release/arduino.ar(variant.cpp.o)
                0x20070ad8                Serial2
 .bss.Serial3   0x20070b00       0x28 D:/Github/CCTVal/CCTVal_Steppers/Firmware/Steppers_v_1_0/Release/arduino.ar(variant.cpp.o)
                0x20070b00                Serial3
 .bss.tx_buffer3
                0x20070b28       0x88 D:/Github/CCTVal/CCTVal_Steppers/Firmware/Steppers_v_1_0/Release/arduino.ar(variant.cpp.o)
                0x20070b28                tx_buffer3
 .bss.tx_buffer4
                0x20070bb0       0x88 D:/Github/CCTVal/CCTVal_Steppers/Firmware/Steppers_v_1_0/Release/arduino.ar(variant.cpp.o)
                0x20070bb0                tx_buffer4
 .bss.g_pinStatus
                0x20070c38       0x4f D:/Github/CCTVal/CCTVal_Steppers/Firmware/Steppers_v_1_0/Release/arduino.ar(variant.cpp.o)
                0x20070c38                g_pinStatus
 *fill*         0x20070c87        0x1 
 .bss.rx_buffer2
                0x20070c88       0x88 D:/Github/CCTVal/CCTVal_Steppers/Firmware/Steppers_v_1_0/Release/arduino.ar(variant.cpp.o)
                0x20070c88                rx_buffer2
 .bss.rx_buffer3
                0x20070d10       0x88 D:/Github/CCTVal/CCTVal_Steppers/Firmware/Steppers_v_1_0/Release/arduino.ar(variant.cpp.o)
                0x20070d10                rx_buffer3
 .bss.rx_buffer4
                0x20070d98       0x88 D:/Github/CCTVal/CCTVal_Steppers/Firmware/Steppers_v_1_0/Release/arduino.ar(variant.cpp.o)
                0x20070d98                rx_buffer4
 .bss.callbacksPioA
                0x20070e20       0x80 D:/Github/CCTVal/CCTVal_Steppers/Firmware/Steppers_v_1_0/Release/arduino.ar(WInterrupts.c.o)
 .bss.callbacksPioB
                0x20070ea0       0x80 D:/Github/CCTVal/CCTVal_Steppers/Firmware/Steppers_v_1_0/Release/arduino.ar(WInterrupts.c.o)
 .bss.callbacksPioC
                0x20070f20       0x80 D:/Github/CCTVal/CCTVal_Steppers/Firmware/Steppers_v_1_0/Release/arduino.ar(WInterrupts.c.o)
 .bss.callbacksPioD
                0x20070fa0       0x80 D:/Github/CCTVal/CCTVal_Steppers/Firmware/Steppers_v_1_0/Release/arduino.ar(WInterrupts.c.o)
 .bss.heap.6420
                0x20071020        0x4 D:/Github/CCTVal/CCTVal_Steppers/Firmware/Steppers_v_1_0/Release/arduino.ar(syscalls_sam3.c.o)
 .bss._cmark    0x20071024        0x2 D:/Github/CCTVal/CCTVal_Steppers/Firmware/Steppers_v_1_0/Release/arduino.ar(USBCore.cpp.o)
                0x20071024                _cmark
 .bss._ZL14isEndpointHalt
                0x20071026        0x1 D:/Github/CCTVal/CCTVal_Steppers/Firmware/Steppers_v_1_0/Release/arduino.ar(USBCore.cpp.o)
 *fill*         0x20071027        0x1 
 .bss._cdcComposite
                0x20071028        0x4 D:/Github/CCTVal/CCTVal_Steppers/Firmware/Steppers_v_1_0/Release/arduino.ar(USBCore.cpp.o)
                0x20071028                _cdcComposite
 .bss._ZL21isRemoteWakeUpEnabled
                0x2007102c        0x1 D:/Github/CCTVal/CCTVal_Steppers/Firmware/Steppers_v_1_0/Release/arduino.ar(USBCore.cpp.o)
 *fill*         0x2007102d        0x3 
 .bss._usbInitialized
                0x20071030        0x4 D:/Github/CCTVal/CCTVal_Steppers/Firmware/Steppers_v_1_0/Release/arduino.ar(USBCore.cpp.o)
                0x20071030                _usbInitialized
 .bss.USBDevice
                0x20071034        0x1 D:/Github/CCTVal/CCTVal_Steppers/Firmware/Steppers_v_1_0/Release/arduino.ar(USBCore.cpp.o)
                0x20071034                USBDevice
 *fill*         0x20071035        0x3 
 .bss._usbSetInterface
                0x20071038        0x4 D:/Github/CCTVal/CCTVal_Steppers/Firmware/Steppers_v_1_0/Release/arduino.ar(USBCore.cpp.o)
                0x20071038                _usbSetInterface
 .bss._cend     0x2007103c        0x2 D:/Github/CCTVal/CCTVal_Steppers/Firmware/Steppers_v_1_0/Release/arduino.ar(USBCore.cpp.o)
                0x2007103c                _cend
 *fill*         0x2007103e        0x2 
 .bss._usbConfiguration
                0x20071040        0x4 D:/Github/CCTVal/CCTVal_Steppers/Firmware/Steppers_v_1_0/Release/arduino.ar(USBCore.cpp.o)
                0x20071040                _usbConfiguration
 .bss.cdc_rx_buffer
                0x20071044      0x208 D:/Github/CCTVal/CCTVal_Steppers/Firmware/Steppers_v_1_0/Release/arduino.ar(CDC.cpp.o)
                0x20071044                cdc_rx_buffer
 .bss._ZZN7Serial_6acceptEvE5guard
                0x2007124c        0x4 D:/Github/CCTVal/CCTVal_Steppers/Firmware/Steppers_v_1_0/Release/arduino.ar(CDC.cpp.o)
 .bss.SerialUSB
                0x20071250       0x14 D:/Github/CCTVal/CCTVal_Steppers/Firmware/Steppers_v_1_0/Release/arduino.ar(CDC.cpp.o)
                0x20071250                SerialUSB
 .bss._ZZ12PluggableUSBvE3obj
                0x20071264        0x8 D:/Github/CCTVal/CCTVal_Steppers/Firmware/Steppers_v_1_0/Release/arduino.ar(PluggableUSB.cpp.o)
 .bss._ZGVZ12PluggableUSBvE3obj
                0x2007126c        0x4 D:/Github/CCTVal/CCTVal_Steppers/Firmware/Steppers_v_1_0/Release/arduino.ar(PluggableUSB.cpp.o)
 .bss._dwTickCount
                0x20071270        0x4 C:\Code\Eclipse\eclipse\arduinoPlugin\packages\arduino\hardware\sam\1.6.11\variants\arduino_due_x/libsam_sam3x8e_gcc_rel.a(timetick.o)
 .bss.ul_recv_fifo_ptr
                0x20071274       0x28 C:\Code\Eclipse\eclipse\arduinoPlugin\packages\arduino\hardware\sam\1.6.11\variants\arduino_due_x/libsam_sam3x8e_gcc_rel.a(uotghs_device.o)
 .bss.ul_send_fifo_ptr
                0x2007129c       0x28 C:\Code\Eclipse\eclipse\arduinoPlugin\packages\arduino\hardware\sam\1.6.11\variants\arduino_due_x/libsam_sam3x8e_gcc_rel.a(uotghs_device.o)
 .bss.__malloc_max_total_mem
                0x200712c4        0x4 c:/code/eclipse/eclipse/arduinoplugin/packages/arduino/tools/arm-none-eabi-gcc/4.8.3-2014q1/bin/../lib/gcc/arm-none-eabi/4.8.3/../../../../arm-none-eabi/lib/armv7-m\libg.a(lib_a-mallocr.o)
                0x200712c4                __malloc_max_total_mem
 .bss.__malloc_max_sbrked_mem
                0x200712c8        0x4 c:/code/eclipse/eclipse/arduinoplugin/packages/arduino/tools/arm-none-eabi-gcc/4.8.3-2014q1/bin/../lib/gcc/arm-none-eabi/4.8.3/../../../../arm-none-eabi/lib/armv7-m\libg.a(lib_a-mallocr.o)
                0x200712c8                __malloc_max_sbrked_mem
 .bss.__malloc_top_pad
                0x200712cc        0x4 c:/code/eclipse/eclipse/arduinoplugin/packages/arduino/tools/arm-none-eabi-gcc/4.8.3-2014q1/bin/../lib/gcc/arm-none-eabi/4.8.3/../../../../arm-none-eabi/lib/armv7-m\libg.a(lib_a-mallocr.o)
                0x200712cc                __malloc_top_pad
 .bss.__malloc_current_mallinfo
                0x200712d0       0x28 c:/code/eclipse/eclipse/arduinoplugin/packages/arduino/tools/arm-none-eabi-gcc/4.8.3-2014q1/bin/../lib/gcc/arm-none-eabi/4.8.3/../../../../arm-none-eabi/lib/armv7-m\libg.a(lib_a-mallocr.o)
                0x200712d0                __malloc_current_mallinfo
 *(COMMON)
 COMMON         0x200712f8        0x4 c:/code/eclipse/eclipse/arduinoplugin/packages/arduino/tools/arm-none-eabi-gcc/4.8.3-2014q1/bin/../lib/gcc/arm-none-eabi/4.8.3/../../../../arm-none-eabi/lib/armv7-m\libg.a(lib_a-reent.o)
                0x200712f8                errno
                0x200712fc                . = ALIGN (0x4)
                0x200712fc                _ebss = .
                0x200712fc                _ezero = .
                0x200712fc                . = ALIGN (0x4)
                0x200712fc                _end = .

.stack_dummy    0x200712fc        0x0
 *(.stack*)
                0x20088000                __StackTop = (ORIGIN (ram) + 0x18000)
                0x20088000                __StackLimit = (__StackTop - SIZEOF (.stack_dummy))
                0x20088000                PROVIDE (_sstack, __StackLimit)
                0x20088000                PROVIDE (_estack, __StackTop)
OUTPUT(D:/Github/CCTVal/CCTVal_Steppers/Firmware/Steppers_v_1_0/Release/Steppers_v_1_0.elf elf32-littlearm)

.ARM.attributes
                0x00000000       0x29
 .ARM.attributes
                0x00000000       0x1d c:/code/eclipse/eclipse/arduinoplugin/packages/arduino/tools/arm-none-eabi-gcc/4.8.3-2014q1/bin/../lib/gcc/arm-none-eabi/4.8.3/armv7-m/crti.o
 .ARM.attributes
                0x0000001d       0x2d c:/code/eclipse/eclipse/arduinoplugin/packages/arduino/tools/arm-none-eabi-gcc/4.8.3-2014q1/bin/../lib/gcc/arm-none-eabi/4.8.3/armv7-m/crtbegin.o
 .ARM.attributes
                0x0000004a       0x33 .\src\Steppers_v_1_0.cpp.o
 .ARM.attributes
                0x0000007d       0x33 C:\Code\Eclipse\eclipse\arduinoPlugin\packages\arduino\hardware\sam\1.6.11\variants\arduino_due_x/libsam_sam3x8e_gcc_rel.a(startup_sam3xa.o)
 .ARM.attributes
                0x000000b0       0x33 C:\Code\Eclipse\eclipse\arduinoPlugin\packages\arduino\hardware\sam\1.6.11\variants\arduino_due_x/libsam_sam3x8e_gcc_rel.a(uotghs.o)
 .ARM.attributes
                0x000000e3       0x33 D:/Github/CCTVal/CCTVal_Steppers/Firmware/Steppers_v_1_0/Release/arduino.ar(variant.cpp.o)
 .ARM.attributes
                0x00000116       0x33 D:/Github/CCTVal/CCTVal_Steppers/Firmware/Steppers_v_1_0/Release/arduino.ar(RingBuffer.cpp.o)
 .ARM.attributes
                0x00000149       0x33 D:/Github/CCTVal/CCTVal_Steppers/Firmware/Steppers_v_1_0/Release/arduino.ar(UARTClass.cpp.o)
 .ARM.attributes
                0x0000017c       0x33 D:/Github/CCTVal/CCTVal_Steppers/Firmware/Steppers_v_1_0/Release/arduino.ar(USARTClass.cpp.o)
 .ARM.attributes
                0x000001af       0x33 D:/Github/CCTVal/CCTVal_Steppers/Firmware/Steppers_v_1_0/Release/arduino.ar(WInterrupts.c.o)
 .ARM.attributes
                0x000001e2       0x33 D:/Github/CCTVal/CCTVal_Steppers/Firmware/Steppers_v_1_0/Release/arduino.ar(cortex_handlers.c.o)
 .ARM.attributes
                0x00000215       0x33 D:/Github/CCTVal/CCTVal_Steppers/Firmware/Steppers_v_1_0/Release/arduino.ar(hooks.c.o)
 .ARM.attributes
                0x00000248       0x33 D:/Github/CCTVal/CCTVal_Steppers/Firmware/Steppers_v_1_0/Release/arduino.ar(main.cpp.o)
 .ARM.attributes
                0x0000027b       0x33 D:/Github/CCTVal/CCTVal_Steppers/Firmware/Steppers_v_1_0/Release/arduino.ar(syscalls_sam3.c.o)
 .ARM.attributes
                0x000002ae       0x33 D:/Github/CCTVal/CCTVal_Steppers/Firmware/Steppers_v_1_0/Release/arduino.ar(watchdog.cpp.o)
 .ARM.attributes
                0x000002e1       0x33 D:/Github/CCTVal/CCTVal_Steppers/Firmware/Steppers_v_1_0/Release/arduino.ar(wiring.c.o)
 .ARM.attributes
                0x00000314       0x33 D:/Github/CCTVal/CCTVal_Steppers/Firmware/Steppers_v_1_0/Release/arduino.ar(wiring_analog.c.o)
 .ARM.attributes
                0x00000347       0x33 D:/Github/CCTVal/CCTVal_Steppers/Firmware/Steppers_v_1_0/Release/arduino.ar(wiring_digital.c.o)
 .ARM.attributes
                0x0000037a       0x33 D:/Github/CCTVal/CCTVal_Steppers/Firmware/Steppers_v_1_0/Release/arduino.ar(USBCore.cpp.o)
 .ARM.attributes
                0x000003ad       0x33 D:/Github/CCTVal/CCTVal_Steppers/Firmware/Steppers_v_1_0/Release/arduino.ar(Print.cpp.o)
 .ARM.attributes
                0x000003e0       0x33 D:/Github/CCTVal/CCTVal_Steppers/Firmware/Steppers_v_1_0/Release/arduino.ar(Reset.cpp.o)
 .ARM.attributes
                0x00000413       0x33 D:/Github/CCTVal/CCTVal_Steppers/Firmware/Steppers_v_1_0/Release/arduino.ar(CDC.cpp.o)
 .ARM.attributes
                0x00000446       0x33 D:/Github/CCTVal/CCTVal_Steppers/Firmware/Steppers_v_1_0/Release/arduino.ar(PluggableUSB.cpp.o)
 .ARM.attributes
                0x00000479       0x33 C:\Code\Eclipse\eclipse\arduinoPlugin\packages\arduino\hardware\sam\1.6.11\variants\arduino_due_x/libsam_sam3x8e_gcc_rel.a(pio.o)
 .ARM.attributes
                0x000004ac       0x33 C:\Code\Eclipse\eclipse\arduinoPlugin\packages\arduino\hardware\sam\1.6.11\variants\arduino_due_x/libsam_sam3x8e_gcc_rel.a(pmc.o)
 .ARM.attributes
                0x000004df       0x33 C:\Code\Eclipse\eclipse\arduinoPlugin\packages\arduino\hardware\sam\1.6.11\variants\arduino_due_x/libsam_sam3x8e_gcc_rel.a(timetick.o)
 .ARM.attributes
                0x00000512       0x33 C:\Code\Eclipse\eclipse\arduinoPlugin\packages\arduino\hardware\sam\1.6.11\variants\arduino_due_x/libsam_sam3x8e_gcc_rel.a(wdt.o)
 .ARM.attributes
                0x00000545       0x33 C:\Code\Eclipse\eclipse\arduinoPlugin\packages\arduino\hardware\sam\1.6.11\variants\arduino_due_x/libsam_sam3x8e_gcc_rel.a(system_sam3xa.o)
 .ARM.attributes
                0x00000578       0x33 C:\Code\Eclipse\eclipse\arduinoPlugin\packages\arduino\hardware\sam\1.6.11\variants\arduino_due_x/libsam_sam3x8e_gcc_rel.a(adc.o)
 .ARM.attributes
                0x000005ab       0x33 C:\Code\Eclipse\eclipse\arduinoPlugin\packages\arduino\hardware\sam\1.6.11\variants\arduino_due_x/libsam_sam3x8e_gcc_rel.a(interrupt_sam_nvic.o)
 .ARM.attributes
                0x000005de       0x33 C:\Code\Eclipse\eclipse\arduinoPlugin\packages\arduino\hardware\sam\1.6.11\variants\arduino_due_x/libsam_sam3x8e_gcc_rel.a(uotghs_device.o)
 .ARM.attributes
                0x00000611       0x2d c:/code/eclipse/eclipse/arduinoplugin/packages/arduino/tools/arm-none-eabi-gcc/4.8.3-2014q1/bin/../lib/gcc/arm-none-eabi/4.8.3/../../../../arm-none-eabi/lib/armv7-m\libg.a(lib_a-impure.o)
 .ARM.attributes
                0x0000063e       0x2d c:/code/eclipse/eclipse/arduinoplugin/packages/arduino/tools/arm-none-eabi-gcc/4.8.3-2014q1/bin/../lib/gcc/arm-none-eabi/4.8.3/../../../../arm-none-eabi/lib/armv7-m\libg.a(lib_a-init.o)
 .ARM.attributes
                0x0000066b       0x2d c:/code/eclipse/eclipse/arduinoplugin/packages/arduino/tools/arm-none-eabi-gcc/4.8.3-2014q1/bin/../lib/gcc/arm-none-eabi/4.8.3/../../../../arm-none-eabi/lib/armv7-m\libg.a(lib_a-iprintf.o)
 .ARM.attributes
                0x00000698       0x2d c:/code/eclipse/eclipse/arduinoplugin/packages/arduino/tools/arm-none-eabi-gcc/4.8.3-2014q1/bin/../lib/gcc/arm-none-eabi/4.8.3/../../../../arm-none-eabi/lib/armv7-m\libg.a(lib_a-malloc.o)
 .ARM.attributes
                0x000006c5       0x2d c:/code/eclipse/eclipse/arduinoplugin/packages/arduino/tools/arm-none-eabi-gcc/4.8.3-2014q1/bin/../lib/gcc/arm-none-eabi/4.8.3/../../../../arm-none-eabi/lib/armv7-m\libg.a(lib_a-mallocr.o)
 .ARM.attributes
                0x000006f2       0x2d c:/code/eclipse/eclipse/arduinoplugin/packages/arduino/tools/arm-none-eabi-gcc/4.8.3-2014q1/bin/../lib/gcc/arm-none-eabi/4.8.3/../../../../arm-none-eabi/lib/armv7-m\libg.a(lib_a-memset.o)
 .ARM.attributes
                0x0000071f       0x2d c:/code/eclipse/eclipse/arduinoplugin/packages/arduino/tools/arm-none-eabi-gcc/4.8.3-2014q1/bin/../lib/gcc/arm-none-eabi/4.8.3/../../../../arm-none-eabi/lib/armv7-m\libg.a(lib_a-mlock.o)
 .ARM.attributes
                0x0000074c       0x2d c:/code/eclipse/eclipse/arduinoplugin/packages/arduino/tools/arm-none-eabi-gcc/4.8.3-2014q1/bin/../lib/gcc/arm-none-eabi/4.8.3/../../../../arm-none-eabi/lib/armv7-m\libg.a(lib_a-sbrkr.o)
 .ARM.attributes
                0x00000779       0x2d c:/code/eclipse/eclipse/arduinoplugin/packages/arduino/tools/arm-none-eabi-gcc/4.8.3-2014q1/bin/../lib/gcc/arm-none-eabi/4.8.3/../../../../arm-none-eabi/lib/armv7-m\libg.a(lib_a-strlen.o)
 .ARM.attributes
                0x000007a6       0x2d c:/code/eclipse/eclipse/arduinoplugin/packages/arduino/tools/arm-none-eabi-gcc/4.8.3-2014q1/bin/../lib/gcc/arm-none-eabi/4.8.3/../../../../arm-none-eabi/lib/armv7-m\libg.a(lib_a-syskill.o)
 .ARM.attributes
                0x000007d3       0x2d c:/code/eclipse/eclipse/arduinoplugin/packages/arduino/tools/arm-none-eabi-gcc/4.8.3-2014q1/bin/../lib/gcc/arm-none-eabi/4.8.3/../../../../arm-none-eabi/lib/armv7-m\libg.a(lib_a-vfiprintf.o)
 .ARM.attributes
                0x00000800       0x2d c:/code/eclipse/eclipse/arduinoplugin/packages/arduino/tools/arm-none-eabi-gcc/4.8.3-2014q1/bin/../lib/gcc/arm-none-eabi/4.8.3/../../../../arm-none-eabi/lib/armv7-m\libg.a(lib_a-wsetup.o)
 .ARM.attributes
                0x0000082d       0x2d c:/code/eclipse/eclipse/arduinoplugin/packages/arduino/tools/arm-none-eabi-gcc/4.8.3-2014q1/bin/../lib/gcc/arm-none-eabi/4.8.3/../../../../arm-none-eabi/lib/armv7-m\libg.a(lib_a-__call_atexit.o)
 .ARM.attributes
                0x0000085a       0x2d c:/code/eclipse/eclipse/arduinoplugin/packages/arduino/tools/arm-none-eabi-gcc/4.8.3-2014q1/bin/../lib/gcc/arm-none-eabi/4.8.3/../../../../arm-none-eabi/lib/armv7-m\libg.a(lib_a-atexit.o)
 .ARM.attributes
                0x00000887       0x2d c:/code/eclipse/eclipse/arduinoplugin/packages/arduino/tools/arm-none-eabi-gcc/4.8.3-2014q1/bin/../lib/gcc/arm-none-eabi/4.8.3/../../../../arm-none-eabi/lib/armv7-m\libg.a(lib_a-fflush.o)
 .ARM.attributes
                0x000008b4       0x2d c:/code/eclipse/eclipse/arduinoplugin/packages/arduino/tools/arm-none-eabi-gcc/4.8.3-2014q1/bin/../lib/gcc/arm-none-eabi/4.8.3/../../../../arm-none-eabi/lib/armv7-m\libg.a(lib_a-findfp.o)
 .ARM.attributes
                0x000008e1       0x2d c:/code/eclipse/eclipse/arduinoplugin/packages/arduino/tools/arm-none-eabi-gcc/4.8.3-2014q1/bin/../lib/gcc/arm-none-eabi/4.8.3/../../../../arm-none-eabi/lib/armv7-m\libg.a(lib_a-fini.o)
 .ARM.attributes
                0x0000090e       0x2d c:/code/eclipse/eclipse/arduinoplugin/packages/arduino/tools/arm-none-eabi-gcc/4.8.3-2014q1/bin/../lib/gcc/arm-none-eabi/4.8.3/../../../../arm-none-eabi/lib/armv7-m\libg.a(lib_a-fputwc.o)
 .ARM.attributes
                0x0000093b       0x2d c:/code/eclipse/eclipse/arduinoplugin/packages/arduino/tools/arm-none-eabi-gcc/4.8.3-2014q1/bin/../lib/gcc/arm-none-eabi/4.8.3/../../../../arm-none-eabi/lib/armv7-m\libg.a(lib_a-freer.o)
 .ARM.attributes
                0x00000968       0x2d c:/code/eclipse/eclipse/arduinoplugin/packages/arduino/tools/arm-none-eabi-gcc/4.8.3-2014q1/bin/../lib/gcc/arm-none-eabi/4.8.3/../../../../arm-none-eabi/lib/armv7-m\libg.a(lib_a-fvwrite.o)
 .ARM.attributes
                0x00000995       0x2d c:/code/eclipse/eclipse/arduinoplugin/packages/arduino/tools/arm-none-eabi-gcc/4.8.3-2014q1/bin/../lib/gcc/arm-none-eabi/4.8.3/../../../../arm-none-eabi/lib/armv7-m\libg.a(lib_a-fwalk.o)
 .ARM.attributes
                0x000009c2       0x2d c:/code/eclipse/eclipse/arduinoplugin/packages/arduino/tools/arm-none-eabi-gcc/4.8.3-2014q1/bin/../lib/gcc/arm-none-eabi/4.8.3/../../../../arm-none-eabi/lib/armv7-m\libg.a(lib_a-locale.o)
 .ARM.attributes
                0x000009ef       0x2d c:/code/eclipse/eclipse/arduinoplugin/packages/arduino/tools/arm-none-eabi-gcc/4.8.3-2014q1/bin/../lib/gcc/arm-none-eabi/4.8.3/../../../../arm-none-eabi/lib/armv7-m\libg.a(lib_a-makebuf.o)
 .ARM.attributes
                0x00000a1c       0x2d c:/code/eclipse/eclipse/arduinoplugin/packages/arduino/tools/arm-none-eabi-gcc/4.8.3-2014q1/bin/../lib/gcc/arm-none-eabi/4.8.3/../../../../arm-none-eabi/lib/armv7-m\libg.a(lib_a-memchr-stub.o)
 .ARM.attributes
                0x00000a49       0x1b c:/code/eclipse/eclipse/arduinoplugin/packages/arduino/tools/arm-none-eabi-gcc/4.8.3-2014q1/bin/../lib/gcc/arm-none-eabi/4.8.3/../../../../arm-none-eabi/lib/armv7-m\libg.a(lib_a-memcpy.o)
 .ARM.attributes
                0x00000a64       0x2d c:/code/eclipse/eclipse/arduinoplugin/packages/arduino/tools/arm-none-eabi-gcc/4.8.3-2014q1/bin/../lib/gcc/arm-none-eabi/4.8.3/../../../../arm-none-eabi/lib/armv7-m\libg.a(lib_a-memmove.o)
 .ARM.attributes
                0x00000a91       0x2d c:/code/eclipse/eclipse/arduinoplugin/packages/arduino/tools/arm-none-eabi-gcc/4.8.3-2014q1/bin/../lib/gcc/arm-none-eabi/4.8.3/../../../../arm-none-eabi/lib/armv7-m\libg.a(lib_a-reallocr.o)
 .ARM.attributes
                0x00000abe       0x2d c:/code/eclipse/eclipse/arduinoplugin/packages/arduino/tools/arm-none-eabi-gcc/4.8.3-2014q1/bin/../lib/gcc/arm-none-eabi/4.8.3/../../../../arm-none-eabi/lib/armv7-m\libg.a(lib_a-reent.o)
 .ARM.attributes
                0x00000aeb       0x2d c:/code/eclipse/eclipse/arduinoplugin/packages/arduino/tools/arm-none-eabi-gcc/4.8.3-2014q1/bin/../lib/gcc/arm-none-eabi/4.8.3/../../../../arm-none-eabi/lib/armv7-m\libg.a(lib_a-signalr.o)
 .ARM.attributes
                0x00000b18       0x2d c:/code/eclipse/eclipse/arduinoplugin/packages/arduino/tools/arm-none-eabi-gcc/4.8.3-2014q1/bin/../lib/gcc/arm-none-eabi/4.8.3/../../../../arm-none-eabi/lib/armv7-m\libg.a(lib_a-stdio.o)
 .ARM.attributes
                0x00000b45       0x2d c:/code/eclipse/eclipse/arduinoplugin/packages/arduino/tools/arm-none-eabi-gcc/4.8.3-2014q1/bin/../lib/gcc/arm-none-eabi/4.8.3/../../../../arm-none-eabi/lib/armv7-m\libg.a(lib_a-wbuf.o)
 .ARM.attributes
                0x00000b72       0x2d c:/code/eclipse/eclipse/arduinoplugin/packages/arduino/tools/arm-none-eabi-gcc/4.8.3-2014q1/bin/../lib/gcc/arm-none-eabi/4.8.3/../../../../arm-none-eabi/lib/armv7-m\libg.a(lib_a-wcrtomb.o)
 .ARM.attributes
                0x00000b9f       0x2d c:/code/eclipse/eclipse/arduinoplugin/packages/arduino/tools/arm-none-eabi-gcc/4.8.3-2014q1/bin/../lib/gcc/arm-none-eabi/4.8.3/../../../../arm-none-eabi/lib/armv7-m\libg.a(lib_a-wctomb_r.o)
 .ARM.attributes
                0x00000bcc       0x2d c:/code/eclipse/eclipse/arduinoplugin/packages/arduino/tools/arm-none-eabi-gcc/4.8.3-2014q1/bin/../lib/gcc/arm-none-eabi/4.8.3/../../../../arm-none-eabi/lib/armv7-m\libg.a(lib_a-writer.o)
 .ARM.attributes
                0x00000bf9       0x2d c:/code/eclipse/eclipse/arduinoplugin/packages/arduino/tools/arm-none-eabi-gcc/4.8.3-2014q1/bin/../lib/gcc/arm-none-eabi/4.8.3/../../../../arm-none-eabi/lib/armv7-m\libg.a(lib_a-__atexit.o)
 .ARM.attributes
                0x00000c26       0x2d c:/code/eclipse/eclipse/arduinoplugin/packages/arduino/tools/arm-none-eabi-gcc/4.8.3-2014q1/bin/../lib/gcc/arm-none-eabi/4.8.3/../../../../arm-none-eabi/lib/armv7-m\libg.a(lib_a-closer.o)
 .ARM.attributes
                0x00000c53       0x2d c:/code/eclipse/eclipse/arduinoplugin/packages/arduino/tools/arm-none-eabi-gcc/4.8.3-2014q1/bin/../lib/gcc/arm-none-eabi/4.8.3/../../../../arm-none-eabi/lib/armv7-m\libg.a(lib_a-fclose.o)
 .ARM.attributes
                0x00000c80       0x2d c:/code/eclipse/eclipse/arduinoplugin/packages/arduino/tools/arm-none-eabi-gcc/4.8.3-2014q1/bin/../lib/gcc/arm-none-eabi/4.8.3/../../../../arm-none-eabi/lib/armv7-m\libg.a(lib_a-fstatr.o)
 .ARM.attributes
                0x00000cad       0x2d c:/code/eclipse/eclipse/arduinoplugin/packages/arduino/tools/arm-none-eabi-gcc/4.8.3-2014q1/bin/../lib/gcc/arm-none-eabi/4.8.3/../../../../arm-none-eabi/lib/armv7-m\libg.a(lib_a-isattyr.o)
 .ARM.attributes
                0x00000cda       0x2d c:/code/eclipse/eclipse/arduinoplugin/packages/arduino/tools/arm-none-eabi-gcc/4.8.3-2014q1/bin/../lib/gcc/arm-none-eabi/4.8.3/../../../../arm-none-eabi/lib/armv7-m\libg.a(lib_a-lseekr.o)
 .ARM.attributes
                0x00000d07       0x2d c:/code/eclipse/eclipse/arduinoplugin/packages/arduino/tools/arm-none-eabi-gcc/4.8.3-2014q1/bin/../lib/gcc/arm-none-eabi/4.8.3/../../../../arm-none-eabi/lib/armv7-m\libg.a(lib_a-readr.o)
 .ARM.attributes
                0x00000d34       0x1d c:/code/eclipse/eclipse/arduinoplugin/packages/arduino/tools/arm-none-eabi-gcc/4.8.3-2014q1/bin/../lib/gcc/arm-none-eabi/4.8.3/armv7-m\libgcc.a(_aeabi_uldivmod.o)
 .ARM.attributes
                0x00000d51       0x2d c:/code/eclipse/eclipse/arduinoplugin/packages/arduino/tools/arm-none-eabi-gcc/4.8.3-2014q1/bin/../lib/gcc/arm-none-eabi/4.8.3/armv7-m\libgcc.a(bpabi.o)
 .ARM.attributes
                0x00000d7e       0x1d c:/code/eclipse/eclipse/arduinoplugin/packages/arduino/tools/arm-none-eabi-gcc/4.8.3-2014q1/bin/../lib/gcc/arm-none-eabi/4.8.3/armv7-m\libgcc.a(_dvmd_tls.o)
 .ARM.attributes
                0x00000d9b       0x2d c:/code/eclipse/eclipse/arduinoplugin/packages/arduino/tools/arm-none-eabi-gcc/4.8.3-2014q1/bin/../lib/gcc/arm-none-eabi/4.8.3/armv7-m\libgcc.a(_divdi3.o)
 .ARM.attributes
                0x00000dc8       0x2d c:/code/eclipse/eclipse/arduinoplugin/packages/arduino/tools/arm-none-eabi-gcc/4.8.3-2014q1/bin/../lib/gcc/arm-none-eabi/4.8.3/armv7-m\libgcc.a(_udivdi3.o)
 .ARM.attributes
                0x00000df5       0x1d c:/code/eclipse/eclipse/arduinoplugin/packages/arduino/tools/arm-none-eabi-gcc/4.8.3-2014q1/bin/../lib/gcc/arm-none-eabi/4.8.3/armv7-m/crtn.o

.comment        0x00000000       0x70
 .comment       0x00000000       0x70 .\src\Steppers_v_1_0.cpp.o
                                 0x71 (size before relaxing)
 .comment       0x00000000       0x71 C:\Code\Eclipse\eclipse\arduinoPlugin\packages\arduino\hardware\sam\1.6.11\variants\arduino_due_x/libsam_sam3x8e_gcc_rel.a(startup_sam3xa.o)
 .comment       0x00000000       0x71 C:\Code\Eclipse\eclipse\arduinoPlugin\packages\arduino\hardware\sam\1.6.11\variants\arduino_due_x/libsam_sam3x8e_gcc_rel.a(uotghs.o)
 .comment       0x00000000       0x71 D:/Github/CCTVal/CCTVal_Steppers/Firmware/Steppers_v_1_0/Release/arduino.ar(variant.cpp.o)
 .comment       0x00000000       0x71 D:/Github/CCTVal/CCTVal_Steppers/Firmware/Steppers_v_1_0/Release/arduino.ar(RingBuffer.cpp.o)
 .comment       0x00000000       0x71 D:/Github/CCTVal/CCTVal_Steppers/Firmware/Steppers_v_1_0/Release/arduino.ar(UARTClass.cpp.o)
 .comment       0x00000000       0x71 D:/Github/CCTVal/CCTVal_Steppers/Firmware/Steppers_v_1_0/Release/arduino.ar(USARTClass.cpp.o)
 .comment       0x00000000       0x71 D:/Github/CCTVal/CCTVal_Steppers/Firmware/Steppers_v_1_0/Release/arduino.ar(WInterrupts.c.o)
 .comment       0x00000000       0x71 D:/Github/CCTVal/CCTVal_Steppers/Firmware/Steppers_v_1_0/Release/arduino.ar(cortex_handlers.c.o)
 .comment       0x00000000       0x71 D:/Github/CCTVal/CCTVal_Steppers/Firmware/Steppers_v_1_0/Release/arduino.ar(hooks.c.o)
 .comment       0x00000000       0x71 D:/Github/CCTVal/CCTVal_Steppers/Firmware/Steppers_v_1_0/Release/arduino.ar(main.cpp.o)
 .comment       0x00000000       0x71 D:/Github/CCTVal/CCTVal_Steppers/Firmware/Steppers_v_1_0/Release/arduino.ar(syscalls_sam3.c.o)
 .comment       0x00000000       0x71 D:/Github/CCTVal/CCTVal_Steppers/Firmware/Steppers_v_1_0/Release/arduino.ar(watchdog.cpp.o)
 .comment       0x00000000       0x71 D:/Github/CCTVal/CCTVal_Steppers/Firmware/Steppers_v_1_0/Release/arduino.ar(wiring.c.o)
 .comment       0x00000000       0x71 D:/Github/CCTVal/CCTVal_Steppers/Firmware/Steppers_v_1_0/Release/arduino.ar(wiring_analog.c.o)
 .comment       0x00000000       0x71 D:/Github/CCTVal/CCTVal_Steppers/Firmware/Steppers_v_1_0/Release/arduino.ar(wiring_digital.c.o)
 .comment       0x00000000       0x71 D:/Github/CCTVal/CCTVal_Steppers/Firmware/Steppers_v_1_0/Release/arduino.ar(USBCore.cpp.o)